Component: ARM Compiler 5.06 update 7 (build 960) Tool: armlink [4d3601]

==============================================================================

Section Cross References

    startup_stm32g491xx.o(STACK) refers (Special) to heapauxi.o(.text) for __use_two_region_memory
    startup_stm32g491xx.o(HEAP) refers (Special) to heapauxi.o(.text) for __use_two_region_memory
    startup_stm32g491xx.o(RESET) refers (Special) to heapauxi.o(.text) for __use_two_region_memory
    startup_stm32g491xx.o(RESET) refers to startup_stm32g491xx.o(STACK) for __initial_sp
    startup_stm32g491xx.o(RESET) refers to startup_stm32g491xx.o(.text) for Reset_Handler
    startup_stm32g491xx.o(RESET) refers to stm32g4xx_it.o(i.NMI_Handler) for NMI_Handler
    startup_stm32g491xx.o(RESET) refers to stm32g4xx_it.o(i.HardFault_Handler) for HardFault_Handler
    startup_stm32g491xx.o(RESET) refers to stm32g4xx_it.o(i.MemManage_Handler) for MemManage_Handler
    startup_stm32g491xx.o(RESET) refers to stm32g4xx_it.o(i.BusFault_Handler) for BusFault_Handler
    startup_stm32g491xx.o(RESET) refers to stm32g4xx_it.o(i.UsageFault_Handler) for UsageFault_Handler
    startup_stm32g491xx.o(RESET) refers to port.o(.emb_text) for SVC_Handler
    startup_stm32g491xx.o(RESET) refers to stm32g4xx_it.o(i.DebugMon_Handler) for DebugMon_Handler
    startup_stm32g491xx.o(RESET) refers to cmsis_os2.o(i.SysTick_Handler) for SysTick_Handler
    startup_stm32g491xx.o(RESET) refers to stm32g4xx_it.o(i.FDCAN1_IT0_IRQHandler) for FDCAN1_IT0_IRQHandler
    startup_stm32g491xx.o(RESET) refers to stm32g4xx_it.o(i.USART1_IRQHandler) for USART1_IRQHandler
    startup_stm32g491xx.o(RESET) refers to stm32g4xx_it.o(i.USART2_IRQHandler) for USART2_IRQHandler
    startup_stm32g491xx.o(RESET) refers to stm32g4xx_it.o(i.USART3_IRQHandler) for USART3_IRQHandler
    startup_stm32g491xx.o(RESET) refers to stm32g4xx_it.o(i.TIM6_DAC_IRQHandler) for TIM6_DAC_IRQHandler
    startup_stm32g491xx.o(.text) refers (Special) to heapauxi.o(.text) for __use_two_region_memory
    startup_stm32g491xx.o(.text) refers to system_stm32g4xx.o(i.SystemInit) for SystemInit
    startup_stm32g491xx.o(.text) refers to __main.o(!!!main) for __main
    startup_stm32g491xx.o(.text) refers to startup_stm32g491xx.o(HEAP) for Heap_Mem
    startup_stm32g491xx.o(.text) refers to startup_stm32g491xx.o(STACK) for Stack_Mem
    stm32g4xx_hal_tim.o(i.HAL_TIM_Base_DeInit) refers to tim.o(i.HAL_TIM_Base_MspDeInit) for HAL_TIM_Base_MspDeInit
    stm32g4xx_hal_tim.o(i.HAL_TIM_Base_Init) refers to tim.o(i.HAL_TIM_Base_MspInit) for HAL_TIM_Base_MspInit
    stm32g4xx_hal_tim.o(i.HAL_TIM_Base_Init) refers to stm32g4xx_hal_tim.o(i.TIM_Base_SetConfig) for TIM_Base_SetConfig
    stm32g4xx_hal_tim.o(i.HAL_TIM_Base_Start_DMA) refers to stm32g4xx_hal_dma.o(i.HAL_DMA_Start_IT) for HAL_DMA_Start_IT
    stm32g4xx_hal_tim.o(i.HAL_TIM_Base_Start_DMA) refers to stm32g4xx_hal_tim.o(i.TIM_DMAPeriodElapsedCplt) for TIM_DMAPeriodElapsedCplt
    stm32g4xx_hal_tim.o(i.HAL_TIM_Base_Start_DMA) refers to stm32g4xx_hal_tim.o(i.TIM_DMAPeriodElapsedHalfCplt) for TIM_DMAPeriodElapsedHalfCplt
    stm32g4xx_hal_tim.o(i.HAL_TIM_Base_Start_DMA) refers to stm32g4xx_hal_tim.o(i.TIM_DMAError) for TIM_DMAError
    stm32g4xx_hal_tim.o(i.HAL_TIM_Base_Stop_DMA) refers to stm32g4xx_hal_dma.o(i.HAL_DMA_Abort_IT) for HAL_DMA_Abort_IT
    stm32g4xx_hal_tim.o(i.HAL_TIM_ConfigClockSource) refers to stm32g4xx_hal_tim.o(i.TIM_ETR_SetConfig) for TIM_ETR_SetConfig
    stm32g4xx_hal_tim.o(i.HAL_TIM_ConfigClockSource) refers to stm32g4xx_hal_tim.o(i.TIM_TI1_ConfigInputStage) for TIM_TI1_ConfigInputStage
    stm32g4xx_hal_tim.o(i.HAL_TIM_ConfigClockSource) refers to stm32g4xx_hal_tim.o(i.TIM_TI2_ConfigInputStage) for TIM_TI2_ConfigInputStage
    stm32g4xx_hal_tim.o(i.HAL_TIM_ConfigClockSource) refers to stm32g4xx_hal_tim.o(i.TIM_ITRx_SetConfig) for TIM_ITRx_SetConfig
    stm32g4xx_hal_tim.o(i.HAL_TIM_ConfigOCrefClear) refers to stm32g4xx_hal_tim.o(i.TIM_ETR_SetConfig) for TIM_ETR_SetConfig
    stm32g4xx_hal_tim.o(i.HAL_TIM_DMABurst_MultiReadStart) refers to stm32g4xx_hal_dma.o(i.HAL_DMA_Start_IT) for HAL_DMA_Start_IT
    stm32g4xx_hal_tim.o(i.HAL_TIM_DMABurst_MultiReadStart) refers to stm32g4xx_hal_tim.o(i.TIM_DMAError) for TIM_DMAError
    stm32g4xx_hal_tim.o(i.HAL_TIM_DMABurst_MultiReadStart) refers to stm32g4xx_hal_tim.o(i.TIM_DMACaptureCplt) for TIM_DMACaptureCplt
    stm32g4xx_hal_tim.o(i.HAL_TIM_DMABurst_MultiReadStart) refers to stm32g4xx_hal_tim.o(i.TIM_DMACaptureHalfCplt) for TIM_DMACaptureHalfCplt
    stm32g4xx_hal_tim.o(i.HAL_TIM_DMABurst_MultiReadStart) refers to stm32g4xx_hal_tim.o(i.TIM_DMAPeriodElapsedCplt) for TIM_DMAPeriodElapsedCplt
    stm32g4xx_hal_tim.o(i.HAL_TIM_DMABurst_MultiReadStart) refers to stm32g4xx_hal_tim.o(i.TIM_DMAPeriodElapsedHalfCplt) for TIM_DMAPeriodElapsedHalfCplt
    stm32g4xx_hal_tim.o(i.HAL_TIM_DMABurst_MultiReadStart) refers to stm32g4xx_hal_tim_ex.o(i.TIMEx_DMACommutationCplt) for TIMEx_DMACommutationCplt
[...]
    HAL_TIM_ConfigClockSource                0x08003c99   Thumb Code   250  stm32g4xx_hal_tim.o(i.HAL_TIM_ConfigClockSource)
    HAL_TIM_IC_CaptureCallback               0x08003d9d   Thumb Code     2  stm32g4xx_hal_tim.o(i.HAL_TIM_IC_CaptureCallback)
    HAL_TIM_IC_Start_IT                      0x08003da1   Thumb Code   280  stm32g4xx_hal_tim.o(i.HAL_TIM_IC_Start_IT)
    HAL_TIM_IRQHandler                       0x08003ed5   Thumb Code   418  stm32g4xx_hal_tim.o(i.HAL_TIM_IRQHandler)
    HAL_TIM_MspPostInit                      0x08004079   Thumb Code    72  tim.o(i.HAL_TIM_MspPostInit)
    HAL_TIM_OC_DelayElapsedCallback          0x080040c9   Thumb Code     2  stm32g4xx_hal_tim.o(i.HAL_TIM_OC_DelayElapsedCallback)
    HAL_TIM_PWM_ConfigChannel                0x080040cb   Thumb Code   292  stm32g4xx_hal_tim.o(i.HAL_TIM_PWM_ConfigChannel)
    HAL_TIM_PWM_Init                         0x080041ef   Thumb Code    98  stm32g4xx_hal_tim.o(i.HAL_TIM_PWM_Init)
    HAL_TIM_PWM_MspInit                      0x08004251   Thumb Code     2  stm32g4xx_hal_tim.o(i.HAL_TIM_PWM_MspInit)
    HAL_TIM_PWM_PulseFinishedCallback        0x08004253   Thumb Code     2  stm32g4xx_hal_tim.o(i.HAL_TIM_PWM_PulseFinishedCallback)
    HAL_TIM_PWM_Start                        0x08004255   Thumb Code   228  stm32g4xx_hal_tim.o(i.HAL_TIM_PWM_Start)
    HAL_TIM_PeriodElapsedCallback            0x0800435d   Thumb Code    14  main.o(i.HAL_TIM_PeriodElapsedCallback)
    HAL_TIM_TriggerCallback                  0x08004371   Thumb Code     2  stm32g4xx_hal_tim.o(i.HAL_TIM_TriggerCallback)
    HAL_UARTEx_DisableFifoMode               0x08004373   Thumb Code    62  stm32g4xx_hal_uart_ex.o(i.HAL_UARTEx_DisableFifoMode)
    HAL_UARTEx_RxEventCallback               0x080043b1   Thumb Code     2  stm32g4xx_hal_uart.o(i.HAL_UARTEx_RxEventCallback)
    HAL_UARTEx_RxFifoFullCallback            0x080043b3   Thumb Code     2  stm32g4xx_hal_uart_ex.o(i.HAL_UARTEx_RxFifoFullCallback)
    HAL_UARTEx_SetRxFifoThreshold            0x080043b5   Thumb Code    76  stm32g4xx_hal_uart_ex.o(i.HAL_UARTEx_SetRxFifoThreshold)
    HAL_UARTEx_SetTxFifoThreshold            0x08004401   Thumb Code    76  stm32g4xx_hal_uart_ex.o(i.HAL_UARTEx_SetTxFifoThreshold)
    HAL_UARTEx_TxFifoEmptyCallback           0x0800444d   Thumb Code     2  stm32g4xx_hal_uart_ex.o(i.HAL_UARTEx_TxFifoEmptyCallback)
    HAL_UARTEx_WakeupCallback                0x0800444f   Thumb Code     2  stm32g4xx_hal_uart_ex.o(i.HAL_UARTEx_WakeupCallback)
    HAL_UART_ErrorCallback                   0x08004451   Thumb Code    62  uart1_motor.o(i.HAL_UART_ErrorCallback)
    HAL_UART_IRQHandler                      0x080044a5   Thumb Code   782  stm32g4xx_hal_uart.o(i.HAL_UART_IRQHandler)
    HAL_UART_Init                            0x080047c1   Thumb Code   106  stm32g4xx_hal_uart.o(i.HAL_UART_Init)
    HAL_UART_MspInit                         0x0800482d   Thumb Code   398  usart.o(i.HAL_UART_MspInit)
    HAL_UART_Receive_IT                      0x080049d1   Thumb Code    66  stm32g4xx_hal_uart.o(i.HAL_UART_Receive_IT)
    HAL_UART_RxCpltCallback                  0x08004a19   Thumb Code    56  uart1_motor.o(i.HAL_UART_RxCpltCallback)
    HAL_UART_Transmit                        0x08004a65   Thumb Code   174  stm32g4xx_hal_uart.o(i.HAL_UART_Transmit)
    HAL_UART_TxCpltCallback                  0x08004b13   Thumb Code     2  stm32g4xx_hal_uart.o(i.HAL_UART_TxCpltCallback)
    Hal_starte                               0x08004b15   Thumb Code    76  main.o(i.Hal_starte)
    HardFault_Handler                        0x08004b79   Thumb Code     2  stm32g4xx_it.o(i.HardFault_Handler)
    IMU_TASK                                 0x08004b7d   Thumb Code   212  app_freertos.o(i.IMU_TASK)
    JQ8x00_Command_Data                      0x08004cc5   Thumb Code   100  send_yuyin.o(i.JQ8x00_Command_Data)
    JQ8x00_RandomPathPlay                    0x08004d2d   Thumb Code   120  send_yuyin.o(i.JQ8x00_RandomPathPlay)
    MX_FDCAN1_Init                           0x08004da9   Thumb Code    70  fdcan.o(i.MX_FDCAN1_Init)
    MX_FREERTOS_Init                         0x08004df9   Thumb Code    88  app_freertos.o(i.MX_FREERTOS_Init)
    MX_GPIO_Init                             0x08004e71   Thumb Code   188  gpio.o(i.MX_GPIO_Init)
    MX_SPI2_Init                             0x08004f39   Thumb Code    72  spi.o(i.MX_SPI2_Init)
    MX_TIM2_Init                             0x08004f89   Thumb Code    94  tim.o(i.MX_TIM2_Init)
    MX_TIM3_Init                             0x08004fed   Thumb Code   146  tim.o(i.MX_TIM3_Init)
    MX_USART1_UART_Init                      0x08005089   Thumb Code    94  usart.o(i.MX_USART1_UART_Init)
    MX_USART2_UART_Init                      0x080050f1   Thumb Code    94  usart.o(i.MX_USART2_UART_Init)
    MX_USART3_UART_Init                      0x08005159   Thumb Code    94  usart.o(i.MX_USART3_UART_Init)
    MemManage_Handler                        0x080051c1   Thumb Code     2  stm32g4xx_it.o(i.MemManage_Handler)
    NMI_Handler                              0x080051c3   Thumb Code     2  stm32g4xx_it.o(i.NMI_Handler)
    OLED_Clear                               0x080051c5   Thumb Code    34  oled.o(i.OLED_Clear)
    OLED_ClearArea                           0x080051ed   Thumb Code    94  oled.o(i.OLED_ClearArea)
    OLED_GPIO_Init                           0x08005251   Thumb Code   120  oled.o(i.OLED_GPIO_Init)
    OLED_I2C_SendByte                        0x080052d1   Thumb Code    58  oled.o(i.OLED_I2C_SendByte)
    OLED_I2C_Start                           0x0800530b   Thumb Code    30  oled.o(i.OLED_I2C_Start)
    OLED_I2C_Stop                            0x08005329   Thumb Code    24  oled.o(i.OLED_I2C_Stop)
    OLED_Init                                0x08005341   Thumb Code   156  oled.o(i.OLED_Init)
    OLED_Printf                              0x080053dd   Thumb Code    42  oled.o(i.OLED_Printf)
    OLED_SetCursor                           0x08005407   Thumb Code    34  oled.o(i.OLED_SetCursor)
    OLED_ShowChar                            0x08005429   Thumb Code    52  oled.o(i.OLED_ShowChar)
    OLED_ShowImage                           0x08005465   Thumb Code   172  oled.o(i.OLED_ShowImage)
    OLED_ShowString                          0x08005515   Thumb Code    44  oled.o(i.OLED_ShowString)
    OLED_Update                              0x08005541   Thumb Code    34  oled.o(i.OLED_Update)
    OLED_W_SCL                               0x08005569   Thumb Code    36  oled.o(i.OLED_W_SCL)
    OLED_W_SDA                               0x08005591   Thumb Code    36  oled.o(i.OLED_W_SDA)
    OLED_WriteCommand                        0x080055b9   Thumb Code    34  oled.o(i.OLED_WriteCommand)
    OLED_WriteData                           0x080055db   Thumb Code    48  oled.o(i.OLED_WriteData)
    Send_commandmotor                        0x0800560d   Thumb Code    86  send_motor.o(i.Send_commandmotor)
    Send_commendyu                           0x08005665   Thumb Code    44  send_yuyin.o(i.Send_commendyu)
    Send_motor                               0x0800569d   Thumb Code    72  app_freertos.o(i.Send_motor)
    Send_yuyin                               0x080056fd   Thumb Code    20  app_freertos.o(i.Send_yuyin)
    Servo_SetAngle                           0x08005711   Thumb Code    66  send_motor.o(i.Servo_SetAngle)
    StartDefaultTask                         0x08005775   Thumb Code     8  app_freertos.o(i.StartDefaultTask)
    SysTick_Handler                          0x0800577d   Thumb Code    26  cmsis_os2.o(i.SysTick_Handler)
    SystemClock_Config                       0x08005797   Thumb Code   104  main.o(i.SystemClock_Config)
    SystemInit                               0x08005801   Thumb Code    12  system_stm32g4xx.o(i.SystemInit)
    TIM6_DAC_IRQHandler                      0x08005811   Thumb Code     6  stm32g4xx_it.o(i.TIM6_DAC_IRQHandler)
    TIM_Base_SetConfig                       0x0800581d   Thumb Code   178  stm32g4xx_hal_tim.o(i.TIM_Base_SetConfig)
    TIM_CCxChannelCmd                        0x080058f1   Thumb Code    26  stm32g4xx_hal_tim.o(i.TIM_CCxChannelCmd)
    TIM_ETR_SetConfig                        0x0800590b   Thumb Code    20  stm32g4xx_hal_tim.o(i.TIM_ETR_SetConfig)
    TIM_OC2_SetConfig                        0x080059e1   Thumb Code   132  stm32g4xx_hal_tim.o(i.TIM_OC2_SetConfig)
    UART2_SendCode                           0x08005cfd   Thumb Code    42  send_yuyin.o(i.UART2_SendCode)
    UART_AdvFeatureConfig                    0x08005d71   Thumb Code   200  stm32g4xx_hal_uart.o(i.UART_AdvFeatureConfig)
    UART_CheckIdleState                      0x08005e39   Thumb Code   172  stm32g4xx_hal_uart.o(i.UART_CheckIdleState)
    UART_SetConfig                           0x0800641d   Thumb Code   614  stm32g4xx_hal_uart.o(i.UART_SetConfig)
    UART_Start_Receive_IT                    0x080066b5   Thumb Code   256  stm32g4xx_hal_uart.o(i.UART_Start_Receive_IT)
    UART_WaitOnFlagUntilTimeout              0x080067c5   Thumb Code   148  stm32g4xx_hal_uart.o(i.UART_WaitOnFlagUntilTimeout)
    USART1_IRQHandler                        0x08006859   Thumb Code     6  stm32g4xx_it.o(i.USART1_IRQHandler)
    USART2_IRQHandler                        0x08006865   Thumb Code     6  stm32g4xx_it.o(i.USART2_IRQHandler)
    USART3_IRQHandler                        0x08006871   Thumb Code     6  stm32g4xx_it.o(i.USART3_IRQHandler)
    Uart1M_task                              0x0800687d   Thumb Code    14  app_freertos.o(i.Uart1M_task)
    Uart1_deel                               0x0800688d   Thumb Code    82  uart1_motor.o(i.Uart1_deel)
    Uart3Yuyin_task                          0x080068e9   Thumb Code    14  app_freertos.o(i.Uart3Yuyin_task)
    Uart3_deel                               0x080068f9   Thumb Code    78  uart3_yuyin.o(i.Uart3_deel)
    UsageFault_Handler                       0x08006955   Thumb Code     2  stm32g4xx_it.o(i.UsageFault_Handler)
    __ARM_fpclassify                         0x08006957   Thumb Code    48  fpclassify.o(i.__ARM_fpclassify)
    __ARM_fpclassifyf                        0x08006987   Thumb Code    38  fpclassifyf.o(i.__ARM_fpclassifyf)
    __hardfp_atanf                           0x080069cd   Thumb Code   296  atanf.o(i.__hardfp_atanf)
    __hardfp_fmaxf                           0x08006b2d   Thumb Code    72  fmaxf.o(i.__hardfp_fmaxf)
    __hardfp_fminf                           0x08006b75   Thumb Code    72  fminf.o(i.__hardfp_fminf)
    __hardfp_tanf                            0x08006bbd   Thumb Code   322  tanf.o(i.__hardfp_tanf)
    __mathlib_flt_infnan                     0x08006d39   Thumb Code     6  funder.o(i.__mathlib_flt_infnan)
    __mathlib_flt_invalid                    0x08006d41   Thumb Code    10  funder.o(i.__mathlib_flt_invalid)
    __mathlib_flt_underflow                  0x08006d51   Thumb Code    10  funder.o(i.__mathlib_flt_underflow)
    __mathlib_rredf2                         0x08006d61   Thumb Code   316  rredf.o(i.__mathlib_rredf2)
    _is_digit                                0x08006eb5   Thumb Code    14  __printf_wp.o(i._is_digit)
    _sys_exit                                0x08006ec3   Thumb Code     2  main.o(i._sys_exit)
    can_SendCmd                              0x08006f39   Thumb Code   298  can.o(i.can_SendCmd)
    comamd_detect                            0x0800706d   Thumb Code    40  send_motor.o(i.comamd_detect)
    commands_detect3                         0x0800709d   Thumb Code   192  uart3_yuyin.o(i.commands_detect3)
    main                                     0x08007165   Thumb Code    62  main.o(i.main)
    osDelay                                  0x080071a3   Thumb Code    26  cmsis_os2.o(i.osDelay)
    osKernelInitialize                       0x080071bd   Thumb Code    32  cmsis_os2.o(i.osKernelInitialize)
    osKernelStart                            0x080071e1   Thumb Code    48  cmsis_os2.o(i.osKernelStart)
    osThreadNew                              0x08007219   Thumb Code   138  cmsis_os2.o(i.osThreadNew)
    pvPortMalloc                             0x08007a39   Thumb Code   216  heap_4.o(i.pvPortMalloc)
    pxPortInitialiseStack                    0x08007b15   Thumb Code    40  port.o(i.pxPortInitialiseStack)
    shell_print                              0x08007b41   Thumb Code    70  send_motor.o(i.shell_print)
    shell_print3                             0x08007b95   Thumb Code    20  uart3_yuyin.o(i.shell_print3)
    uxListRemove                             0x08007bad   Thumb Code    38  list.o(i.uxListRemove)
    vApplicationGetIdleTaskMemory            0x08007bd5   Thumb Code    16  cmsis_os2.o(i.vApplicationGetIdleTaskMemory)
    vApplicationGetTimerTaskMemory           0x08007be9   Thumb Code    18  cmsis_os2.o(i.vApplicationGetTimerTaskMemory)
    vListInitialise                          0x08007c01   Thumb Code    22  list.o(i.vListInitialise)
    vListInitialiseItem                      0x08007c17   Thumb Code     6  list.o(i.vListInitialiseItem)
    vListInsert                              0x08007c1d   Thumb Code    48  list.o(i.vListInsert)
    vListInsertEnd                           0x08007c4d   Thumb Code    24  list.o(i.vListInsertEnd)
    vPortEnterCritical                       0x08007c65   Thumb Code    54  port.o(i.vPortEnterCritical)
    vPortExitCritical                        0x08007ca5   Thumb Code    34  port.o(i.vPortExitCritical)
    vPortFree                                0x08007ccd   Thumb Code    94  heap_4.o(i.vPortFree)
    vPortSetupTimerInterrupt                 0x08007d31   Thumb Code    32  port.o(i.vPortSetupTimerInterrupt)
    vPortValidateInterruptPriority           0x08007d55   Thumb Code    74  port.o(i.vPortValidateInterruptPriority)
    vQueueAddToRegistry                      0x08007da9   Thumb Code    34  queue.o(i.vQueueAddToRegistry)
    vQueueWaitForMessageRestricted           0x08007dd1   Thumb Code    68  queue.o(i.vQueueWaitForMessageRestricted)
    vTaskDelay                               0x08007e15   Thumb Code    66  tasks.o(i.vTaskDelay)
    vTaskInternalSetTimeOutState             0x08007e61   Thumb Code    12  tasks.o(i.vTaskInternalSetTimeOutState)
    vTaskMissedYield                         0x08007e71   Thumb Code     8  tasks.o(i.vTaskMissedYield)
    vTaskPlaceOnEventList                    0x08007e7d   Thumb Code    44  tasks.o(i.vTaskPlaceOnEventList)
    vTaskPlaceOnEventListRestricted          0x08007ead   Thumb Code    52  tasks.o(i.vTaskPlaceOnEventListRestricted)
    vTaskStartScheduler                      0x08007ee5   Thumb Code   118  tasks.o(i.vTaskStartScheduler)
    vTaskSuspendAll                          0x08007f6d   Thumb Code    10  tasks.o(i.vTaskSuspendAll)
    vTaskSwitchContext                       0x08007f7d   Thumb Code    90  tasks.o(i.vTaskSwitchContext)
    xPortStartScheduler                      0x08007fe1   Thumb Code   222  port.o(i.xPortStartScheduler)
    xPortSysTickHandler                      0x080080d5   Thumb Code    38  port.o(i.xPortSysTickHandler)
    xQueueGenericCreateStatic                0x08008101   Thumb Code   102  queue.o(i.xQueueGenericCreateStatic)
    xQueueGenericReset                       0x08008169   Thumb Code   132  queue.o(i.xQueueGenericReset)
    xQueueGenericSend                        0x080081f1   Thumb Code   346  queue.o(i.xQueueGenericSend)
    xQueueGenericSendFromISR                 0x08008351   Thumb Code   190  queue.o(i.xQueueGenericSendFromISR)
    xQueueReceive                            0x08008411   Thumb Code   308  queue.o(i.xQueueReceive)
    xTaskCheckForTimeOut                     0x08008549   Thumb Code   112  tasks.o(i.xTaskCheckForTimeOut)
    xTaskCreate                              0x080085bd   Thumb Code    90  tasks.o(i.xTaskCreate)
    xTaskCreateStatic                        0x08008617   Thumb Code    86  tasks.o(i.xTaskCreateStatic)
    xTaskGetSchedulerState                   0x0800866d   Thumb Code    22  tasks.o(i.xTaskGetSchedulerState)
    xTaskGetTickCount                        0x08008689   Thumb Code     6  tasks.o(i.xTaskGetTickCount)
    xTaskIncrementTick                       0x08008695   Thumb Code   192  tasks.o(i.xTaskIncrementTick)
    xTaskPriorityDisinherit                  0x0800875d   Thumb Code   118  tasks.o(i.xTaskPriorityDisinherit)
    xTaskRemoveFromEventList                 0x080087dd   Thumb Code    98  tasks.o(i.xTaskRemoveFromEventList)
    xTaskResumeAll                           0x0800884d   Thumb Code   182  tasks.o(i.xTaskResumeAll)
    xTimerCreateTimerTask                    0x08008911   Thumb Code    78  timers.o(i.xTimerCreateTimerTask)
    xTimerGenericCommand                     0x08008971   Thumb Code    98  timers.o(i.xTimerGenericCommand)
    _get_lc_numeric                          0x080089d9   Thumb Code    44  lc_numeric_c.o(locale$$code)
    _get_lc_ctype                            0x08008a05   Thumb Code    44  lc_ctype_c.o(locale$$code)
    __fpl_dretinf                            0x08008a31   Thumb Code    12  dretinf.o(x$fpl$dretinf)
    __aeabi_f2d                              0x08008a3d   Thumb Code     0  f2d.o(x$fpl$f2d)
    _f2d                                     0x08008a3d   Thumb Code    86  f2d.o(x$fpl$f2d)
    __fcmp4                                  0x08008a95   Thumb Code    24  fcmp4.o(x$fpl$fcmp4)
    __ARM_fcmp4                              0x08008aad   Thumb Code     0  fcmp4.o(x$fpl$fcmp4)
    _fcmp4                                   0x08008aad   Thumb Code    58  fcmp4.o(x$fpl$fcmp4)
    __fpl_fcmp_Inf                           0x08008ae7   Thumb Code    24  fcmpi.o(x$fpl$fcmpinf)
    __fpl_fnaninf                            0x08008aff   Thumb Code   140  fnaninf.o(x$fpl$fnaninf)
    _fp_init                                 0x08008b8b   Thumb Code    10  fpinit.o(x$fpl$fpinit)
    __fplib_config_fpu_vfp                   0x08008b93   Thumb Code     0  fpinit.o(x$fpl$fpinit)
    __fplib_config_pureend_doubles           0x08008b93   Thumb Code     0  fpinit.o(x$fpl$fpinit)
    _printf_fp_dec                           0x08008b95   Thumb Code     4  printf1.o(x$fpl$printf1)
    _printf_fp_hex                           0x08008b99   Thumb Code     4  printf2.o(x$fpl$printf2)
    __I$use$fp                               0x08008b9c   Number         0  usenofp.o(x$fpl$usenofp)
    UARTPrescTable                           0x08008bac   Data          24  stm32g4xx_hal_uart.o(.constdata)
    AHBPrescTable                            0x08008bd4   Data          16  system_stm32g4xx.o(.constdata)
    APBPrescTable                            0x08008be4   Data           8  system_stm32g4xx.o(.constdata)
    OLED_F8x16                               0x08008bf8   Data        1520  oled_data.o(.constdata)
    OLED_F6x8                                0x080091e8   Data         570  oled_data.o(.constdata)
    defaultTask_attributes                   0x08009438   Data          36  app_freertos.o(.constdata)
    ctrl_motor_attributes                    0x0800945c   Data          36  app_freertos.o(.constdata)
    ctrl_yuyin_attributes                    0x08009480   Data          36  app_freertos.o(.constdata)
    uart1_motor_attributes                   0x080094a4   Data          36  app_freertos.o(.constdata)
    Uart3_yuyin_attributes                   0x080094c8   Data          36  app_freertos.o(.constdata)
    IMU_660RC_attributes                     0x080094ec   Data          36  app_freertos.o(.constdata)
    Region$$Table$$Base                      0x08009678   Number         0  anon$$obj.o(Region$$Table)
    Region$$Table$$Limit                     0x08009698   Number         0  anon$$obj.o(Region$$Table)
    __ctype                                  0x080096c1   Data           0  lc_ctype_c.o(locale$$data)
    uwTickPrio                               0x20000000   Data           4  stm32g4xx_hal.o(.data)
    uwTickFreq                               0x20000004   Data           4  stm32g4xx_hal.o(.data)
    uwTick                                   0x20000008   Data           4  stm32g4xx_hal.o(.data)
    SystemCoreClock                          0x2000000c   Data           4  system_stm32g4xx.o(.data)
    pxCurrentTCB                             0x20000010   Data           4  tasks.o(.data)
    data_angle                               0x20000090   Data           4  ackermann1.o(.data)
    can_rx_flag                              0x20000094   Data           1  can.o(.data)
    can_error_step                           0x20000098   Data           4  can.o(.data)
    can_error_code                           0x2000009c   Data           4  can.o(.data)
    can_error_count                          0x200000a0   Data           4  can.o(.data)
    can_rx_data                              0x200000a4   Data           8  can.o(.data)
    left_dir                                 0x200000ac   Data           1  send_motor.o(.data)
    right_dir                                0x200000ad   Data           1  send_motor.o(.data)
    left_vel                                 0x200000ae   Data           2  send_motor.o(.data)
    right_vel                                0x200000b0   Data           2  send_motor.o(.data)
    front_angle                              0x200000b4   Data           4  send_motor.o(.data)
    motor_v                                  0x200000b8   Data           4  send_motor.o(.data)
    motor_w                                  0x200000bc   Data           4  send_motor.o(.data)
    rx1                                      0x200000c1   Data           1  uart1_motor.o(.data)
    rx3                                      0x200000c2   Data           1  uart1_motor.o(.data)
    FlagOFMotor                              0x200000c3   Data           1  uart1_motor.o(.data)
    pPack_uart1                              0x200000c4   Data           1  uart1_motor.o(.data)
    Path_Buffer                              0x200000c5   Data          10  uart3_yuyin.o(.data)
    Path_Buffer1                             0x200000cf   Data          10  uart3_yuyin.o(.data)
    Path_Buffer2                             0x200000d9   Data          10  uart3_yuyin.o(.data)
    Path_Buffer3                             0x200000e3   Data          10  uart3_yuyin.o(.data)
    Path_Buffer4                             0x200000ed   Data          10  uart3_yuyin.o(.data)
    Path_Buffer5                             0x200000f7   Data          10  uart3_yuyin.o(.data)
    Path_Buffer6                             0x20000101   Data          10  uart3_yuyin.o(.data)
    Path_Buffer7                             0x2000010b   Data          10  uart3_yuyin.o(.data)
    Path_Buffer8                             0x20000115   Data          10  uart3_yuyin.o(.data)
    Path_Buffer9                             0x2000011f   Data          10  uart3_yuyin.o(.data)
    Path_Buffer10                            0x20000129   Data          10  uart3_yuyin.o(.data)
    Path_Buffer11                            0x20000133   Data          10  uart3_yuyin.o(.data)
    Path_Buffer12                            0x2000013d   Data          10  uart3_yuyin.o(.data)
    Path_Buffer13                            0x20000147   Data          10  uart3_yuyin.o(.data)
    Path_Buffer14                            0x20000151   Data          10  uart3_yuyin.o(.data)
    Path_Buffer15                            0x2000015b   Data          10  uart3_yuyin.o(.data)
    Path_Buffer16                            0x20000165   Data          10  uart3_yuyin.o(.data)
    Path_Buffer17                            0x2000016f   Data          10  uart3_yuyin.o(.data)
    Path_Buffer18                            0x20000179   Data          10  uart3_yuyin.o(.data)
    Path_Buffer19                            0x20000183   Data          10  uart3_yuyin.o(.data)
    Path_Buffer20                            0x2000018d   Data          10  uart3_yuyin.o(.data)
    Path_Buffer21                            0x20000197   Data          10  uart3_yuyin.o(.data)
    Path_Buffer22                            0x200001a1   Data          10  uart3_yuyin.o(.data)
    buffer                                   0x200001ac   Data          92  uart3_yuyin.o(.data)
    FlagOFYuyin                              0x20000209   Data           1  uart3_yuyin.o(.data)
    pPack_uart3                              0x2000020a   Data           1  uart3_yuyin.o(.data)
    buffer_flag                              0x2000020b   Data           1  uart3_yuyin.o(.data)
    buf                                      0x2000020c   Data           1  uart3_yuyin.o(.data)
    Data_buffer                              0x20000210   Data           4  uart3_yuyin.o(.data)
    defaultTaskHandle                        0x20000214   Data           4  app_freertos.o(.data)
    ctrl_motorHandle                         0x20000218   Data           4  app_freertos.o(.data)
    ctrl_yuyinHandle                         0x2000021c   Data           4  app_freertos.o(.data)
    uart1_motorHandle                        0x20000220   Data           4  app_freertos.o(.data)
    Uart3_yuyinHandle                        0x20000224   Data           4  app_freertos.o(.data)
    IMU_660RCHandle                          0x20000228   Data           4  app_freertos.o(.data)
    xQueueRegistry                           0x2000022c   Data          64  queue.o(.bss)
    can_rx_header                            0x20002f00   Data          40  can.o(.bss)
    OLED_DisplayBuf                          0x20002f28   Data        1024  oled.o(.bss)
    motor_data                               0x20003328   Data          12  send_motor.o(.bss)
    Data_uart1                               0x20003334   Data          25  uart1_motor.o(.bss)
    Data_uart3                               0x2000334d   Data          20  uart3_yuyin.o(.bss)
    hfdcan1                                  0x20003364   Data         100  fdcan.o(.bss)
    hspi2                                    0x200033c8   Data         100  spi.o(.bss)
    htim2                                    0x2000342c   Data          76  tim.o(.bss)
    htim3                                    0x20003478   Data          76  tim.o(.bss)
    huart1                                   0x200034c4   Data         148  usart.o(.bss)
    huart2                                   0x20003558   Data         148  usart.o(.bss)
    huart3                                   0x200035ec   Data         148  usart.o(.bss)
    htim6                                    0x20003680   Data          76  stm32g4xx_hal_timebase_tim.o(.bss)
    __libspace_start                         0x200036cc   Data          96  libspace.o(.bss)
    __temporary_stack_top$libspace           0x2000372c   Data           0  libspace.o(.bss)



==============================================================================

Memory Map of the image

  Image Entry point : 0x080001d9

  Load Region LR_IROM1 (Base: 0x08000000, Size: 0x000099f0, Max: 0x00080000, ABSOLUTE, COMPRESSED[0x00009868])

    Execution Region ER_IROM1 (Exec base: 0x08000000, Load base: 0x08000000, Size: 0x000097c4, Max: 0x00080000, ABSOLUTE)

    Exec Addr    Load Addr    Size         Type   Attr      Idx    E Section Name        Object

    0x08000000   0x08000000   0x000001d8   Data   RO            3    RESET               startup_stm32g491xx.o
    0x080001d8   0x080001d8   0x00000008   Code   RO         7461  * !!!main             c_w.l(__main.o)
    0x080001e0   0x080001e0   0x00000034   Code   RO         8011    !!!scatter          c_w.l(__scatter.o)
    0x08000214   0x08000214   0x0000005a   Code   RO         8009    !!dczerorl2         c_w.l(__dczerorl2.o)
    0x0800026e   0x0800026e   0x00000002   PAD
    0x08000270   0x08000270   0x0000001c   Code   RO         8013    !!handler_zi        c_w.l(__scatter_zi.o)
    0x0800028c   0x0800028c   0x00000000   Code   RO         7446    .ARM.Collect$$_printf_percent$$00000000  c_w.l(_printf_percent.o)
    0x0800028c   0x0800028c   0x00000006   Code   RO         7664    .ARM.Collect$$_printf_percent$$00000001  c_w.l(_printf_n.o)
    0x08000292   0x08000292   0x00000006   Code   RO         7665    .ARM.Collect$$_printf_percent$$00000002  c_w.l(_printf_p.o)
    0x08000298   0x08000298   0x00000006   Code   RO         7445    .ARM.Collect$$_printf_percent$$00000003  c_w.l(_printf_f.o)
    0x0800029e   0x0800029e   0x00000006   Code   RO         7670    .ARM.Collect$$_printf_percent$$00000004  c_w.l(_printf_e.o)
    0x080002a4   0x080002a4   0x00000006   Code   RO         7671    .ARM.Collect$$_printf_percent$$00000005  c_w.l(_printf_g.o)
    0x080002aa   0x080002aa   0x00000006   Code   RO         7672    .ARM.Collect$$_printf_percent$$00000006  c_w.l(_printf_a.o)
    0x080002b0   0x080002b0   0x0000000a   Code   RO         7677    .ARM.Collect$$_printf_percent$$00000007  c_w.l(_printf_ll.o)
    0x080002ba   0x080002ba   0x00000006   Code   RO         7667    .ARM.Collect$$_printf_percent$$00000008  c_w.l(_printf_i.o)
    0x080002c0   0x080002c0   0x00000006   Code   RO         7668    .ARM.Collect$$_printf_percent$$00000009  c_w.l(_printf_d.o)
    0x080002c6   0x080002c6   0x00000006   Code   RO         7669    .ARM.Collect$$_printf_percent$$0000000A  c_w.l(_printf_u.o)
    0x080002cc   0x080002cc   0x00000006   Code   RO         7666    .ARM.Collect$$_printf_percent$$0000000B  c_w.l(_printf_o.o)
    0x080002d2   0x080002d2   0x00000006   Code   RO         7444    .ARM.Collect$$_printf_percent$$0000000C  c_w.l(_printf_x.o)
    0x080002d8   0x080002d8   0x00000006   Code   RO         7674    .ARM.Collect$$_printf_percent$$0000000D  c_w.l(_printf_lli.o)
    0x080002de   0x080002de   0x00000006   Code   RO         7675    .ARM.Collect$$_printf_percent$$0000000E  c_w.l(_printf_lld.o)
    0x080002e4   0x080002e4   0x00000006   Code   RO         7676    .ARM.Collect$$_printf_percent$$0000000F  c_w.l(_printf_llu.o)
    0x080002ea   0x080002ea   0x00000006   Code   RO         7681    .ARM.Collect$$_printf_percent$$00000010  c_w.l(_printf_llo.o)
    0x080002f0   0x080002f0   0x00000006   Code   RO         7682    .ARM.Collect$$_printf_percent$$00000011  c_w.l(_printf_llx.o)
    0x080002f6   0x080002f6   0x0000000a   Code   RO         7678    .ARM.Collect$$_printf_percent$$00000012  c_w.l(_printf_l.o)
    0x08000300   0x08000300   0x00000006   Code   RO         7662    .ARM.Collect$$_printf_percent$$00000013  c_w.l(_printf_c.o)
    0x08000306   0x08000306   0x00000006   Code   RO         7663    .ARM.Collect$$_printf_percent$$00000014  c_w.l(_printf_s.o)
    0x0800030c   0x0800030c   0x00000006   Code   RO         7679    .ARM.Collect$$_printf_percent$$00000015  c_w.l(_printf_lc.o)
    0x08000312   0x08000312   0x00000006   Code   RO         7680    .ARM.Collect$$_printf_percent$$00000016  c_w.l(_printf_ls.o)
    0x08000318   0x08000318   0x00000004   Code   RO         7673    .ARM.Collect$$_printf_percent$$00000017  c_w.l(_printf_percent_end.o)
    0x0800031c   0x0800031c   0x00000002   Code   RO         7947    .ARM.Collect$$libinit$$00000000  c_w.l(libinit.o)
    0x0800031e   0x0800031e   0x00000004   Code   RO         7689    .ARM.Collect$$libinit$$00000001  c_w.l(libinit2.o)
    0x08000322   0x08000322   0x00000000   Code   RO         7692    .ARM.Collect$$libinit$$00000004  c_w.l(libinit2.o)
    0x08000322   0x08000322   0x00000000   Code   RO         7695    .ARM.Collect$$libinit$$0000000A  c_w.l(libinit2.o)
    0x08000322   0x08000322   0x00000000   Code   RO         7697    .ARM.Collect$$libinit$$0000000C  c_w.l(libinit2.o)
    0x08000322   0x08000322   0x00000000   Code   RO         7699    .ARM.Collect$$libinit$$0000000E  c_w.l(libinit2.o)
    0x08000322   0x08000322   0x00000006   Code   RO         7700    .ARM.Collect$$libinit$$0000000F  c_w.l(libinit2.o)
    0x08000328   0x08000328   0x00000000   Code   RO         7702    .ARM.Collect$$libinit$$00000011  c_w.l(libinit2.o)
    0x08000328   0x08000328   0x0000000c   Code   RO         7703    .ARM.Collect$$libinit$$00000012  c_w.l(libinit2.o)
    0x08000334   0x08000334   0x00000000   Code   RO         7704    .ARM.Collect$$libinit$$00000013  c_w.l(libinit2.o)
    0x08000334   0x08000334   0x00000000   Code   RO         7706    .ARM.Collect$$libinit$$00000015  c_w.l(libinit2.o)
    0x08000334   0x08000334   0x0000000a   Code   RO         7707    .ARM.Collect$$libinit$$00000016  c_w.l(libinit2.o)
    0x0800033e   0x0800033e   0x00000000   Code   RO         7708    .ARM.Collect$$libinit$$00000017  c_w.l(libinit2.o)
    0x0800033e   0x0800033e   0x00000000   Code   RO         7710    .ARM.Collect$$libinit$$00000019  c_w.l(libinit2.o)
    0x0800033e   0x0800033e   0x00000000   Code   RO         7712    .ARM.Collect$$libinit$$0000001B  c_w.l(libinit2.o)
    0x0800033e   0x0800033e   0x00000000   Code   RO         7714    .ARM.Collect$$libinit$$0000001D  c_w.l(libinit2.o)
    0x0800033e   0x0800033e   0x00000000   Code   RO         7716    .ARM.Collect$$libinit$$0000001F  c_w.l(libinit2.o)
    0x0800033e   0x0800033e   0x00000000   Code   RO         7718    .ARM.Collect$$libinit$$00000021  c_w.l(libinit2.o)
    0x0800033e   0x0800033e   0x00000000   Code   RO         7720    .ARM.Collect$$libinit$$00000023  c_w.l(libinit2.o)
    0x0800033e   0x0800033e   0x00000000   Code   RO         7722    .ARM.Collect$$libinit$$00000025  c_w.l(libinit2.o)
    0x0800033e   0x0800033e   0x00000000   Code   RO         7726    .ARM.Collect$$libinit$$0000002C  c_w.l(libinit2.o)
    0x0800033e   0x0800033e   0x00000000   Code   RO         7728    .ARM.Collect$$libinit$$0000002E  c_w.l(libinit2.o)
    0x0800033e   0x0800033e   0x00000000   Code   RO         7730    .ARM.Collect$$libinit$$00000030  c_w.l(libinit2.o)
    0x0800033e   0x0800033e   0x00000000   Code   RO         7732    .ARM.Collect$$libinit$$00000032  c_w.l(libinit2.o)
    0x0800033e   0x0800033e   0x00000002   Code   RO         7733    .ARM.Collect$$libinit$$00000033  c_w.l(libinit2.o)
    0x08000340   0x08000340   0x00000002   Code   RO         8006    .ARM.Collect$$libshutdown$$00000000  c_w.l(libshutdown.o)
    0x08000342   0x08000342   0x00000000   Code   RO         7964    .ARM.Collect$$libshutdown$$00000002  c_w.l(libshutdown2.o)
    0x08000342   0x08000342   0x00000000   Code   RO         7966    .ARM.Collect$$libshutdown$$00000004  c_w.l(libshutdown2.o)
    0x08000342   0x08000342   0x00000000   Code   RO         7968    .ARM.Collect$$libshutdown$$00000006  c_w.l(libshutdown2.o)
    0x08000342   0x08000342   0x00000000   Code   RO         7971    .ARM.Collect$$libshutdown$$00000009  c_w.l(libshutdown2.o)
    0x08000342   0x08000342   0x00000000   Code   RO         7974    .ARM.Collect$$libshutdown$$0000000C  c_w.l(libshutdown2.o)
    0x08000342   0x08000342   0x00000000   Code   RO         7976    .ARM.Collect$$libshutdown$$0000000E  c_w.l(libshutdown2.o)
    0x08000342   0x08000342   0x00000000   Code   RO         7979    .ARM.Collect$$libshutdown$$00000011  c_w.l(libshutdown2.o)
    0x08000342   0x08000342   0x00000002   Code   RO         7980    .ARM.Collect$$libshutdown$$00000012  c_w.l(libshutdown2.o)
    0x08000344   0x08000344   0x00000000   Code   RO         7601    .ARM.Collect$$rtentry$$00000000  c_w.l(__rtentry.o)
    0x08000344   0x08000344   0x00000000   Code   RO         7819    .ARM.Collect$$rtentry$$00000002  c_w.l(__rtentry2.o)
    0x08000344   0x08000344   0x00000006   Code   RO         7831    .ARM.Collect$$rtentry$$00000004  c_w.l(__rtentry4.o)
    0x0800034a   0x0800034a   0x00000000   Code   RO         7821    .ARM.Collect$$rtentry$$00000009  c_w.l(__rtentry2.o)
    0x0800034a   0x0800034a   0x00000004   Code   RO         7822    .ARM.Collect$$rtentry$$0000000A  c_w.l(__rtentry2.o)
    0x0800034e   0x0800034e   0x00000000   Code   RO         7824    .ARM.Collect$$rtentry$$0000000C  c_w.l(__rtentry2.o)
    0x0800034e   0x0800034e   0x00000008   Code   RO         7825    .ARM.Collect$$rtentry$$0000000D  c_w.l(__rtentry2.o)
    0x08000356   0x08000356   0x00000002   Code   RO         7948    .ARM.Collect$$rtexit$$00000000  c_w.l(rtexit.o)
    0x08000358   0x08000358   0x00000000   Code   RO         7982    .ARM.Collect$$rtexit$$00000002  c_w.l(rtexit2.o)
    0x08000358   0x08000358   0x00000004   Code   RO         7983    .ARM.Collect$$rtexit$$00000003  c_w.l(rtexit2.o)
    0x0800035c   0x0800035c   0x00000006   Code   RO         7984    .ARM.Collect$$rtexit$$00000004  c_w.l(rtexit2.o)
    0x08000362   0x08000362   0x00000002   PAD
    0x08000364   0x08000364   0x000000be   Code   RO         5793    .emb_text           port.o
    0x08000422   0x08000422   0x00000002   PAD
    0x08000424   0x08000424   0x00000040   Code   RO            4    .text               startup_stm32g491xx.o
    0x08000464   0x08000464   0x00000002   Code   RO         7327    .text               c_w.l(use_no_semi_2.o)
    0x08000466   0x08000466   0x000000ee   Code   RO         7391    .text               c_w.l(lludivv7m.o)
    0x08000554   0x08000554   0x00000024   Code   RO         7393    .text               c_w.l(vsprintf.o)
    0x08000578   0x08000578   0x0000004e   Code   RO         7401    .text               c_w.l(_printf_pad.o)
    0x080005c6   0x080005c6   0x00000002   PAD
    0x080005c8   0x080005c8   0x00000094   Code   RO         7421    .text               c_w.l(_printf_hex_int_ll_ptr.o)
    0x0800065c   0x0800065c   0x00000188   Code   RO         7441    .text               c_w.l(__printf_flags_ss_wp.o)
    0x080007e4   0x080007e4   0x0000003e   Code   RO         7447    .text               c_w.l(strlen.o)
    0x08000822   0x08000822   0x0000008a   Code   RO         7449    .text               c_w.l(rt_memcpy_v6.o)
    0x080008ac   0x080008ac   0x00000010   Code   RO         7453    .text               c_w.l(aeabi_memset.o)
    0x080008bc   0x080008bc   0x0000004e   Code   RO         7455    .text               c_w.l(rt_memclr_w.o)
    0x0800090a   0x0800090a   0x00000002   PAD
    0x0800090c   0x0800090c   0x00000080   Code   RO         7457    .text               c_w.l(strcmpv7m.o)
    0x0800098c   0x0800098c   0x00000006   Code   RO         7459    .text               c_w.l(heapauxi.o)
    0x08000992   0x08000992   0x00000002   Code   RO         7597    .text               c_w.l(use_no_semi.o)
    0x08000994   0x08000994   0x00000016   Code   RO         7631    .text               c_w.l(_rserrno.o)
    0x080009aa   0x080009aa   0x00000024   Code   RO         7633    .text               c_w.l(_printf_truncate.o)
    0x080009ce   0x080009ce   0x00000052   Code   RO         7635    .text               c_w.l(_printf_str.o)
    0x08000a20   0x08000a20   0x000000b2   Code   RO         7637    .text               c_w.l(_printf_intcommon.o)
    0x08000ad2   0x08000ad2   0x00000002   PAD
    0x08000ad4   0x08000ad4   0x00000078   Code   RO         7639    .text               c_w.l(_printf_dec.o)
    0x08000b4c   0x08000b4c   0x00000028   Code   RO         7641    .text               c_w.l(_printf_charcount.o)
    0x08000b74   0x08000b74   0x0000041e   Code   RO         7643    .text               c_w.l(_printf_fp_dec.o)
    0x08000f92   0x08000f92   0x00000002   PAD
    0x08000f94   0x08000f94   0x00000030   Code   RO         7645    .text               c_w.l(_printf_char_common.o)
    0x08000fc4   0x08000fc4   0x0000000a   Code   RO         7647    .text               c_w.l(_sputc.o)
    0x08000fce   0x08000fce   0x00000002   PAD
    0x08000fd0   0x08000fd0   0x000000bc   Code   RO         7651    .text               c_w.l(_printf_wctomb.o)
    0x0800108c   0x0800108c   0x0000007c   Code   RO         7654    .text               c_w.l(_printf_longlong_dec.o)
    0x08001108   0x08001108   0x00000070   Code   RO         7660    .text               c_w.l(_printf_oct_int_ll.o)
    0x08001178   0x08001178   0x00000064   Code   RO         7683    .text               c_w.l(rt_memcpy_w.o)
    0x080011dc   0x080011dc   0x00000044   Code   RO         7685    .text               c_w.l(rt_memclr.o)
    0x08001220   0x08001220   0x00000008   Code   RO         7815    .text               c_w.l(libspace.o)
    0x08001228   0x08001228   0x00000008   Code   RO         7838    .text               c_w.l(rt_locale_intlibspace.o)
    0x08001230   0x08001230   0x00000008   Code   RO         7843    .text               c_w.l(rt_errno_addr_intlibspace.o)
    0x08001238   0x08001238   0x0000008a   Code   RO         7853    .text               c_w.l(lludiv10.o)
    0x080012c2   0x080012c2   0x00000002   PAD
    0x080012c4   0x080012c4   0x000002fc   Code   RO         7855    .text               c_w.l(_printf_fp_hex.o)
    0x080015c0   0x080015c0   0x00000080   Code   RO         7858    .text               c_w.l(_printf_fp_infnan.o)
    0x08001640   0x08001640   0x0000002c   Code   RO         7862    .text               c_w.l(_printf_char.o)
    0x0800166c   0x0800166c   0x0000002c   Code   RO         7864    .text               c_w.l(_printf_wchar.o)
    0x08001698   0x08001698   0x000000e4   Code   RO         7866    .text               c_w.l(bigflt0.o)
    0x0800177c   0x0800177c   0x00000040   Code   RO         7895    .text               c_w.l(_wcrtomb.o)
    0x080017bc   0x080017bc   0x0000004a   Code   RO         7920    .text               c_w.l(sys_stackheap_outer.o)
    0x08001806   0x08001806   0x00000002   PAD
    0x08001808   0x08001808   0x00000010   Code   RO         7922    .text               c_w.l(rt_ctype_table.o)
    0x08001818   0x08001818   0x00000012   Code   RO         7928    .text               c_w.l(exit.o)
    0x0800182a   0x0800182a   0x0000003e   Code   RO         7869    CL$$btod_d2e        c_w.l(btod.o)
    0x08001868   0x08001868   0x00000046   Code   RO         7871    CL$$btod_d2e_denorm_low  c_w.l(btod.o)
    0x080018ae   0x080018ae   0x00000060   Code   RO         7870    CL$$btod_d2e_norm_op1  c_w.l(btod.o)
    0x0800190e   0x0800190e   0x00000338   Code   RO         7879    CL$$btod_div_common  c_w.l(btod.o)
    0x08001c46   0x08001c46   0x000000dc   Code   RO         7876    CL$$btod_e2e        c_w.l(btod.o)
    0x08001d22   0x08001d22   0x0000002a   Code   RO         7873    CL$$btod_ediv       c_w.l(btod.o)
    0x08001d4c   0x08001d4c   0x0000002a   Code   RO         7872    CL$$btod_emul       c_w.l(btod.o)
    0x08001d76   0x08001d76   0x00000244   Code   RO         7878    CL$$btod_mult_common  c_w.l(btod.o)
    0x08001fba   0x08001fba   0x00000002   PAD
    0x08001fbc   0x08001fbc   0x00000194   Code   RO         5873    i.Ackerman_Calc     ackermann1.o
    0x08002150   0x08002150   0x00000002   Code   RO         7177    i.BusFault_Handler  stm32g4xx_it.o
    0x08002152   0x08002152   0x00000002   Code   RO         7178    i.DebugMon_Handler  stm32g4xx_it.o
    0x08002154   0x08002154   0x0000002c   Code   RO         6047    i.Emm_V5_Synchronous_motion  emm_v5.o
    0x08002180   0x08002180   0x0000003e   Code   RO         6048    i.Emm_V5_Vel_Control  emm_v5.o
    0x080021be   0x080021be   0x00000004   Code   RO         6781    i.Error_Handler     main.o
    0x080021c2   0x080021c2   0x00000002   PAD
    0x080021c4   0x080021c4   0x0000000c   Code   RO         7179    i.FDCAN1_IT0_IRQHandler  stm32g4xx_it.o
    0x080021d0   0x080021d0   0x0000006c   Code   RO         5973    i.FDCAN1_UserInit   can.o
    0x0800223c   0x0800223c   0x00000070   Code   RO         1266    i.FDCAN_CopyMessageToRAM  stm32g4xx_hal_fdcan.o
    0x080022ac   0x080022ac   0x0000006a   Code   RO         2505    i.HAL_DMA_Abort     stm32g4xx_hal_dma.o
    0x08002316   0x08002316   0x00000078   Code   RO         2506    i.HAL_DMA_Abort_IT  stm32g4xx_hal_dma.o
    0x0800238e   0x0800238e   0x000000e0   Code   RO         1268    i.HAL_FDCAN_ActivateNotification  stm32g4xx_hal_fdcan.o
    0x0800246e   0x0800246e   0x0000004a   Code   RO         1269    i.HAL_FDCAN_AddMessageToTxFifoQ  stm32g4xx_hal_fdcan.o
    0x080024b8   0x080024b8   0x0000005c   Code   RO         1271    i.HAL_FDCAN_ConfigFilter  stm32g4xx_hal_fdcan.o
    0x08002514   0x08002514   0x00000036   Code   RO         1272    i.HAL_FDCAN_ConfigGlobalFilter  stm32g4xx_hal_fdcan.o
    0x0800254a   0x0800254a   0x00000002   Code   RO         1292    i.HAL_FDCAN_ErrorCallback  stm32g4xx_hal_fdcan.o
    0x0800254c   0x0800254c   0x00000002   Code   RO         1293    i.HAL_FDCAN_ErrorStatusCallback  stm32g4xx_hal_fdcan.o
    0x0800254e   0x0800254e   0x00000004   Code   RO         1296    i.HAL_FDCAN_GetError  stm32g4xx_hal_fdcan.o
    0x08002552   0x08002552   0x00000002   PAD
    0x08002554   0x08002554   0x00000018   Code   RO         1301    i.HAL_FDCAN_GetRxFifoFillLevel  stm32g4xx_hal_fdcan.o
    0x0800256c   0x0800256c   0x00000114   Code   RO         1302    i.HAL_FDCAN_GetRxMessage  stm32g4xx_hal_fdcan.o
    0x08002680   0x08002680   0x0000000c   Code   RO         1307    i.HAL_FDCAN_GetTxFifoFreeLevel  stm32g4xx_hal_fdcan.o
    0x0800268c   0x0800268c   0x00000002   Code   RO         1308    i.HAL_FDCAN_HighPriorityMessageCallback  stm32g4xx_hal_fdcan.o
    0x0800268e   0x0800268e   0x00000164   Code   RO         1309    i.HAL_FDCAN_IRQHandler  stm32g4xx_hal_fdcan.o
    0x080027f2   0x080027f2   0x00000002   PAD
    0x080027f4   0x080027f4   0x0000020c   Code   RO         1310    i.HAL_FDCAN_Init    stm32g4xx_hal_fdcan.o
    0x08002a00   0x08002a00   0x00000090   Code   RO         6985    i.HAL_FDCAN_MspInit  fdcan.o
    0x08002a90   0x08002a90   0x00000044   Code   RO         5974    i.HAL_FDCAN_RxFifo0Callback  can.o
    0x08002ad4   0x08002ad4   0x00000002   Code   RO         1318    i.HAL_FDCAN_RxFifo1Callback  stm32g4xx_hal_fdcan.o
    0x08002ad6   0x08002ad6   0x0000002c   Code   RO         1319    i.HAL_FDCAN_Start   stm32g4xx_hal_fdcan.o
    0x08002b02   0x08002b02   0x00000002   Code   RO         1321    i.HAL_FDCAN_TimeoutOccurredCallback  stm32g4xx_hal_fdcan.o
    0x08002b04   0x08002b04   0x00000002   Code   RO         1322    i.HAL_FDCAN_TimestampWraparoundCallback  stm32g4xx_hal_fdcan.o
    0x08002b06   0x08002b06   0x00000002   Code   RO         1323    i.HAL_FDCAN_TxBufferAbortCallback  stm32g4xx_hal_fdcan.o
    0x08002b08   0x08002b08   0x00000002   Code   RO         1324    i.HAL_FDCAN_TxBufferCompleteCallback  stm32g4xx_hal_fdcan.o
    0x08002b0a   0x08002b0a   0x00000002   Code   RO         1325    i.HAL_FDCAN_TxEventFifoCallback  stm32g4xx_hal_fdcan.o
    0x08002b0c   0x08002b0c   0x00000002   Code   RO         1326    i.HAL_FDCAN_TxFifoEmptyCallback  stm32g4xx_hal_fdcan.o
    0x08002b0e   0x08002b0e   0x00000002   PAD
    0x08002b10   0x08002b10   0x00000248   Code   RO         2367    i.HAL_GPIO_Init     stm32g4xx_hal_gpio.o
    0x08002d58   0x08002d58   0x0000000a   Code   RO         2371    i.HAL_GPIO_WritePin  stm32g4xx_hal_gpio.o
    0x08002d62   0x08002d62   0x00000002   PAD
    0x08002d64   0x08002d64   0x0000000c   Code   RO         1662    i.HAL_GetTick       stm32g4xx_hal.o
    0x08002d70   0x08002d70   0x00000010   Code   RO         1668    i.HAL_IncTick       stm32g4xx_hal.o
    0x08002d80   0x08002d80   0x0000001e   Code   RO         1669    i.HAL_Init          stm32g4xx_hal.o
    0x08002d9e   0x08002d9e   0x00000002   PAD
    0x08002da0   0x08002da0   0x00000088   Code   RO         7289    i.HAL_InitTick      stm32g4xx_hal_timebase_tim.o
    0x08002e28   0x08002e28   0x0000003c   Code   RO         7265    i.HAL_MspInit       stm32g4xx_hal_msp.o
    0x08002e64   0x08002e64   0x0000001a   Code   RO         3016    i.HAL_NVIC_EnableIRQ  stm32g4xx_hal_cortex.o
    0x08002e7e   0x08002e7e   0x00000002   PAD
    0x08002e80   0x08002e80   0x00000040   Code   RO         3022    i.HAL_NVIC_SetPriority  stm32g4xx_hal_cortex.o
    0x08002ec0   0x08002ec0   0x00000024   Code   RO         3023    i.HAL_NVIC_SetPriorityGrouping  stm32g4xx_hal_cortex.o
    0x08002ee4   0x08002ee4   0x000000bc   Code   RO         2770    i.HAL_PWREx_ControlVoltageScaling  stm32g4xx_hal_pwr_ex.o
    0x08002fa0   0x08002fa0   0x00000010   Code   RO         2782    i.HAL_PWREx_DisableUCPDDeadBattery  stm32g4xx_hal_pwr_ex.o
    0x08002fb0   0x08002fb0   0x000002e8   Code   RO         2029    i.HAL_RCCEx_PeriphCLKConfig  stm32g4xx_hal_rcc_ex.o
    0x08003298   0x08003298   0x000001dc   Code   RO         1904    i.HAL_RCC_ClockConfig  stm32g4xx_hal_rcc.o
    0x08003474   0x08003474   0x00000040   Code   RO         1909    i.HAL_RCC_GetClockConfig  stm32g4xx_hal_rcc.o
    0x080034b4   0x080034b4   0x00000024   Code   RO         1912    i.HAL_RCC_GetPCLK1Freq  stm32g4xx_hal_rcc.o
    0x080034d8   0x080034d8   0x00000024   Code   RO         1913    i.HAL_RCC_GetPCLK2Freq  stm32g4xx_hal_rcc.o
    0x080034fc   0x080034fc   0x0000006c   Code   RO         1914    i.HAL_RCC_GetSysClockFreq  stm32g4xx_hal_rcc.o
    0x08003568   0x08003568   0x00000404   Code   RO         1917    i.HAL_RCC_OscConfig  stm32g4xx_hal_rcc.o
    0x0800396c   0x0800396c   0x000000ea   Code   RO         3167    i.HAL_SPI_Init      stm32g4xx_hal_spi.o
    0x08003a56   0x08003a56   0x00000002   PAD
    0x08003a58   0x08003a58   0x00000068   Code   RO         7027    i.HAL_SPI_MspInit   spi.o
    0x08003ac0   0x08003ac0   0x00000002   Code   RO          837    i.HAL_TIMEx_Break2Callback  stm32g4xx_hal_tim_ex.o
    0x08003ac2   0x08003ac2   0x00000002   Code   RO          838    i.HAL_TIMEx_BreakCallback  stm32g4xx_hal_tim_ex.o
    0x08003ac4   0x08003ac4   0x00000002   Code   RO          839    i.HAL_TIMEx_CommutCallback  stm32g4xx_hal_tim_ex.o
    0x08003ac6   0x08003ac6   0x00000002   Code   RO          850    i.HAL_TIMEx_DirectionChangeCallback  stm32g4xx_hal_tim_ex.o
    0x08003ac8   0x08003ac8   0x00000002   Code   RO          864    i.HAL_TIMEx_EncoderIndexCallback  stm32g4xx_hal_tim_ex.o
    0x08003aca   0x08003aca   0x00000002   Code   RO          878    i.HAL_TIMEx_IndexErrorCallback  stm32g4xx_hal_tim_ex.o
    0x08003acc   0x08003acc   0x000000ac   Code   RO          879    i.HAL_TIMEx_MasterConfigSynchronization  stm32g4xx_hal_tim_ex.o
    0x08003b78   0x08003b78   0x00000002   Code   RO          900    i.HAL_TIMEx_TransitionErrorCallback  stm32g4xx_hal_tim_ex.o
    0x08003b7a   0x08003b7a   0x00000062   Code   RO           15    i.HAL_TIM_Base_Init  stm32g4xx_hal_tim.o
    0x08003bdc   0x08003bdc   0x0000003c   Code   RO         7069    i.HAL_TIM_Base_MspInit  tim.o
    0x08003c18   0x08003c18   0x00000080   Code   RO           20    i.HAL_TIM_Base_Start_IT  stm32g4xx_hal_tim.o
    0x08003c98   0x08003c98   0x00000104   Code   RO           24    i.HAL_TIM_ConfigClockSource  stm32g4xx_hal_tim.o
    0x08003d9c   0x08003d9c   0x00000002   Code   RO           49    i.HAL_TIM_IC_CaptureCallback  stm32g4xx_hal_tim.o
    0x08003d9e   0x08003d9e   0x00000002   PAD
    0x08003da0   0x08003da0   0x00000134   Code   RO           59    i.HAL_TIM_IC_Start_IT  stm32g4xx_hal_tim.o
    0x08003ed4   0x08003ed4   0x000001a2   Code   RO           63    i.HAL_TIM_IRQHandler  stm32g4xx_hal_tim.o
    0x08004076   0x08004076   0x00000002   PAD
    0x08004078   0x08004078   0x00000050   Code   RO         7070    i.HAL_TIM_MspPostInit  tim.o
    0x080040c8   0x080040c8   0x00000002   Code   RO           66    i.HAL_TIM_OC_DelayElapsedCallback  stm32g4xx_hal_tim.o
    0x080040ca   0x080040ca   0x00000124   Code   RO           87    i.HAL_TIM_PWM_ConfigChannel  stm32g4xx_hal_tim.o
    0x080041ee   0x080041ee   0x00000062   Code   RO           90    i.HAL_TIM_PWM_Init  stm32g4xx_hal_tim.o
    0x08004250   0x08004250   0x00000002   Code   RO           92    i.HAL_TIM_PWM_MspInit  stm32g4xx_hal_tim.o
    0x08004252   0x08004252   0x00000002   Code   RO           93    i.HAL_TIM_PWM_PulseFinishedCallback  stm32g4xx_hal_tim.o
    0x08004254   0x08004254   0x00000108   Code   RO           95    i.HAL_TIM_PWM_Start  stm32g4xx_hal_tim.o
    0x0800435c   0x0800435c   0x00000014   Code   RO         6782    i.HAL_TIM_PeriodElapsedCallback  main.o
    0x08004370   0x08004370   0x00000002   Code   RO          106    i.HAL_TIM_TriggerCallback  stm32g4xx_hal_tim.o
    0x08004372   0x08004372   0x0000003e   Code   RO         3927    i.HAL_UARTEx_DisableFifoMode  stm32g4xx_hal_uart_ex.o
    0x080043b0   0x080043b0   0x00000002   Code   RO         3516    i.HAL_UARTEx_RxEventCallback  stm32g4xx_hal_uart.o
    0x080043b2   0x080043b2   0x00000002   Code   RO         3935    i.HAL_UARTEx_RxFifoFullCallback  stm32g4xx_hal_uart_ex.o
    0x080043b4   0x080043b4   0x0000004c   Code   RO         3936    i.HAL_UARTEx_SetRxFifoThreshold  stm32g4xx_hal_uart_ex.o
    0x08004400   0x08004400   0x0000004c   Code   RO         3937    i.HAL_UARTEx_SetTxFifoThreshold  stm32g4xx_hal_uart_ex.o
    0x0800444c   0x0800444c   0x00000002   Code   RO         3939    i.HAL_UARTEx_TxFifoEmptyCallback  stm32g4xx_hal_uart_ex.o
    0x0800444e   0x0800444e   0x00000002   Code   RO         3940    i.HAL_UARTEx_WakeupCallback  stm32g4xx_hal_uart_ex.o
    0x08004450   0x08004450   0x00000054   Code   RO         6554    i.HAL_UART_ErrorCallback  uart1_motor.o
    0x080044a4   0x080044a4   0x0000031c   Code   RO         3535    i.HAL_UART_IRQHandler  stm32g4xx_hal_uart.o
    0x080047c0   0x080047c0   0x0000006a   Code   RO         3536    i.HAL_UART_Init     stm32g4xx_hal_uart.o
    0x0800482a   0x0800482a   0x00000002   PAD
    0x0800482c   0x0800482c   0x000001a4   Code   RO         7123    i.HAL_UART_MspInit  usart.o
    0x080049d0   0x080049d0   0x00000048   Code   RO         3541    i.HAL_UART_Receive_IT  stm32g4xx_hal_uart.o
    0x08004a18   0x08004a18   0x0000004c   Code   RO         6555    i.HAL_UART_RxCpltCallback  uart1_motor.o
    0x08004a64   0x08004a64   0x000000ae   Code   RO         3545    i.HAL_UART_Transmit  stm32g4xx_hal_uart.o
    0x08004b12   0x08004b12   0x00000002   Code   RO         3548    i.HAL_UART_TxCpltCallback  stm32g4xx_hal_uart.o
    0x08004b14   0x08004b14   0x00000064   Code   RO         6783    i.Hal_starte        main.o
    0x08004b78   0x08004b78   0x00000002   Code   RO         7180    i.HardFault_Handler  stm32g4xx_it.o
    0x08004b7a   0x08004b7a   0x00000002   PAD
    0x08004b7c   0x08004b7c   0x00000148   Code   RO         6913    i.IMU_TASK          app_freertos.o
    0x08004cc4   0x08004cc4   0x00000068   Code   RO         6494    i.JQ8x00_Command_Data  send_yuyin.o
    0x08004d2c   0x08004d2c   0x0000007c   Code   RO         6496    i.JQ8x00_RandomPathPlay  send_yuyin.o
    0x08004da8   0x08004da8   0x00000050   Code   RO         6986    i.MX_FDCAN1_Init    fdcan.o
    0x08004df8   0x08004df8   0x00000078   Code   RO         6914    i.MX_FREERTOS_Init  app_freertos.o
    0x08004e70   0x08004e70   0x000000c8   Code   RO         6889    i.MX_GPIO_Init      gpio.o
    0x08004f38   0x08004f38   0x00000050   Code   RO         7028    i.MX_SPI2_Init      spi.o
    0x08004f88   0x08004f88   0x00000064   Code   RO         7071    i.MX_TIM2_Init      tim.o
    0x08004fec   0x08004fec   0x0000009c   Code   RO         7072    i.MX_TIM3_Init      tim.o
    0x08005088   0x08005088   0x00000068   Code   RO         7124    i.MX_USART1_UART_Init  usart.o
    0x080050f0   0x080050f0   0x00000068   Code   RO         7125    i.MX_USART2_UART_Init  usart.o
    0x08005158   0x08005158   0x00000068   Code   RO         7126    i.MX_USART3_UART_Init  usart.o
    0x080051c0   0x080051c0   0x00000002   Code   RO         7181    i.MemManage_Handler  stm32g4xx_it.o
    0x080051c2   0x080051c2   0x00000002   Code   RO         7182    i.NMI_Handler       stm32g4xx_it.o
    0x080051c4   0x080051c4   0x00000028   Code   RO         6175    i.OLED_Clear        oled.o
    0x080051ec   0x080051ec   0x00000064   Code   RO         6176    i.OLED_ClearArea    oled.o
    0x08005250   0x08005250   0x00000080   Code   RO         6184    i.OLED_GPIO_Init    oled.o
    0x080052d0   0x080052d0   0x0000003a   Code   RO         6186    i.OLED_I2C_SendByte  oled.o
    0x0800530a   0x0800530a   0x0000001e   Code   RO         6187    i.OLED_I2C_Start    oled.o
    0x08005328   0x08005328   0x00000018   Code   RO         6188    i.OLED_I2C_Stop     oled.o
    0x08005340   0x08005340   0x0000009c   Code   RO         6189    i.OLED_Init         oled.o
    0x080053dc   0x080053dc   0x0000002a   Code   RO         6192    i.OLED_Printf       oled.o
    0x08005406   0x08005406   0x00000022   Code   RO         6195    i.OLED_SetCursor    oled.o
    0x08005428   0x08005428   0x0000003c   Code   RO         6197    i.OLED_ShowChar     oled.o
    0x08005464   0x08005464   0x000000b0   Code   RO         6201    i.OLED_ShowImage    oled.o
    0x08005514   0x08005514   0x0000002c   Code   RO         6204    i.OLED_ShowString   oled.o
    0x08005540   0x08005540   0x00000028   Code   RO         6205    i.OLED_Update       oled.o
    0x08005568   0x08005568   0x00000028   Code   RO         6207    i.OLED_W_SCL        oled.o
    0x08005590   0x08005590   0x00000028   Code   RO         6208    i.OLED_W_SDA        oled.o
    0x080055b8   0x080055b8   0x00000022   Code   RO         6209    i.OLED_WriteCommand  oled.o
    0x080055da   0x080055da   0x00000030   Code   RO         6210    i.OLED_WriteData    oled.o
    0x0800560a   0x0800560a   0x00000002   PAD
    0x0800560c   0x0800560c   0x00000056   Code   RO         6440    i.Send_commandmotor  send_motor.o
    0x08005662   0x08005662   0x00000002   PAD
    0x08005664   0x08005664   0x00000038   Code   RO         6498    i.Send_commendyu    send_yuyin.o
    0x0800569c   0x0800569c   0x00000060   Code   RO         6915    i.Send_motor        app_freertos.o
    0x080056fc   0x080056fc   0x00000014   Code   RO         6916    i.Send_yuyin        app_freertos.o
    0x08005710   0x08005710   0x00000064   Code   RO         6441    i.Servo_SetAngle    send_motor.o
    0x08005774   0x08005774   0x00000008   Code   RO         6917    i.StartDefaultTask  app_freertos.o
    0x0800577c   0x0800577c   0x0000001a   Code   RO         5221    i.SysTick_Handler   cmsis_os2.o
    0x08005796   0x08005796   0x00000068   Code   RO         6784    i.SystemClock_Config  main.o
    0x080057fe   0x080057fe   0x00000002   PAD
    0x08005800   0x08005800   0x00000010   Code   RO         4046    i.SystemInit        system_stm32g4xx.o
    0x08005810   0x08005810   0x0000000c   Code   RO         7183    i.TIM6_DAC_IRQHandler  stm32g4xx_it.o
    0x0800581c   0x0800581c   0x000000d4   Code   RO          108    i.TIM_Base_SetConfig  stm32g4xx_hal_tim.o
    0x080058f0   0x080058f0   0x0000001a   Code   RO          109    i.TIM_CCxChannelCmd  stm32g4xx_hal_tim.o
    0x0800590a   0x0800590a   0x00000014   Code   RO          119    i.TIM_ETR_SetConfig  stm32g4xx_hal_tim.o
    0x0800591e   0x0800591e   0x00000002   PAD
    0x08005920   0x08005920   0x00000014   Code   RO          120    i.TIM_ITRx_SetConfig  stm32g4xx_hal_tim.o
    0x08005934   0x08005934   0x000000ac   Code   RO          121    i.TIM_OC1_SetConfig  stm32g4xx_hal_tim.o
    0x080059e0   0x080059e0   0x000000a0   Code   RO          122    i.TIM_OC2_SetConfig  stm32g4xx_hal_tim.o
    0x08005a80   0x08005a80   0x000000a0   Code   RO          123    i.TIM_OC3_SetConfig  stm32g4xx_hal_tim.o
    0x08005b20   0x08005b20   0x000000a0   Code   RO          124    i.TIM_OC4_SetConfig  stm32g4xx_hal_tim.o
    0x08005bc0   0x08005bc0   0x00000078   Code   RO          125    i.TIM_OC5_SetConfig  stm32g4xx_hal_tim.o
    0x08005c38   0x08005c38   0x0000007c   Code   RO          126    i.TIM_OC6_SetConfig  stm32g4xx_hal_tim.o
    0x08005cb4   0x08005cb4   0x00000022   Code   RO          128    i.TIM_TI1_ConfigInputStage  stm32g4xx_hal_tim.o
    0x08005cd6   0x08005cd6   0x00000024   Code   RO          130    i.TIM_TI2_ConfigInputStage  stm32g4xx_hal_tim.o
    0x08005cfa   0x08005cfa   0x00000002   PAD
    0x08005cfc   0x08005cfc   0x00000030   Code   RO         6499    i.UART2_SendCode    send_yuyin.o
    0x08005d2c   0x08005d2c   0x00000044   Code   RO         3941    i.UARTEx_SetNbDataToProcess  stm32g4xx_hal_uart_ex.o
    0x08005d70   0x08005d70   0x000000c8   Code   RO         3550    i.UART_AdvFeatureConfig  stm32g4xx_hal_uart.o
    0x08005e38   0x08005e38   0x000000ac   Code   RO         3551    i.UART_CheckIdleState  stm32g4xx_hal_uart.o
    0x08005ee4   0x08005ee4   0x00000014   Code   RO         3552    i.UART_DMAAbortOnError  stm32g4xx_hal_uart.o
    0x08005ef8   0x08005ef8   0x00000054   Code   RO         3562    i.UART_EndRxTransfer  stm32g4xx_hal_uart.o
    0x08005f4c   0x08005f4c   0x000000c8   Code   RO         3564    i.UART_RxISR_16BIT  stm32g4xx_hal_uart.o
    0x08006014   0x08006014   0x000001a0   Code   RO         3565    i.UART_RxISR_16BIT_FIFOEN  stm32g4xx_hal_uart.o
    0x080061b4   0x080061b4   0x000000c8   Code   RO         3566    i.UART_RxISR_8BIT   stm32g4xx_hal_uart.o
    0x0800627c   0x0800627c   0x000001a0   Code   RO         3567    i.UART_RxISR_8BIT_FIFOEN  stm32g4xx_hal_uart.o
    0x0800641c   0x0800641c   0x00000298   Code   RO         3568    i.UART_SetConfig    stm32g4xx_hal_uart.o
    0x080066b4   0x080066b4   0x00000110   Code   RO         3570    i.UART_Start_Receive_IT  stm32g4xx_hal_uart.o
    0x080067c4   0x080067c4   0x00000094   Code   RO         3575    i.UART_WaitOnFlagUntilTimeout  stm32g4xx_hal_uart.o
    0x08006858   0x08006858   0x0000000c   Code   RO         7184    i.USART1_IRQHandler  stm32g4xx_it.o
    0x08006864   0x08006864   0x0000000c   Code   RO         7185    i.USART2_IRQHandler  stm32g4xx_it.o
    0x08006870   0x08006870   0x0000000c   Code   RO         7186    i.USART3_IRQHandler  stm32g4xx_it.o
    0x0800687c   0x0800687c   0x0000000e   Code   RO         6918    i.Uart1M_task       app_freertos.o
    0x0800688a   0x0800688a   0x00000002   PAD
    0x0800688c   0x0800688c   0x0000005c   Code   RO         6556    i.Uart1_deel        uart1_motor.o
    0x080068e8   0x080068e8   0x0000000e   Code   RO         6919    i.Uart3Yuyin_task   app_freertos.o
    0x080068f6   0x080068f6   0x00000002   PAD
    0x080068f8   0x080068f8   0x0000005c   Code   RO         6605    i.Uart3_deel        uart3_yuyin.o
    0x08006954   0x08006954   0x00000002   Code   RO         7187    i.UsageFault_Handler  stm32g4xx_it.o
    0x08006956   0x08006956   0x00000030   Code   RO         7915    i.__ARM_fpclassify  m_wm.l(fpclassify.o)
    0x08006986   0x08006986   0x00000026   Code   RO         7793    i.__ARM_fpclassifyf  m_wm.l(fpclassifyf.o)
    0x080069ac   0x080069ac   0x00000020   Code   RO         3029    i.__NVIC_SetPriority  stm32g4xx_hal_cortex.o
    0x080069cc   0x080069cc   0x00000160   Code   RO         7529    i.__hardfp_atanf    m_wm.l(atanf.o)
    0x08006b2c   0x08006b2c   0x00000048   Code   RO         7589    i.__hardfp_fmaxf    m_wm.l(fmaxf.o)
    0x08006b74   0x08006b74   0x00000048   Code   RO         7593    i.__hardfp_fminf    m_wm.l(fminf.o)
    0x08006bbc   0x08006bbc   0x0000017c   Code   RO         7577    i.__hardfp_tanf     m_wm.l(tanf.o)
    0x08006d38   0x08006d38   0x00000006   Code   RO         7796    i.__mathlib_flt_infnan  m_wm.l(funder.o)
    0x08006d3e   0x08006d3e   0x00000002   PAD
    0x08006d40   0x08006d40   0x00000010   Code   RO         7798    i.__mathlib_flt_invalid  m_wm.l(funder.o)
    0x08006d50   0x08006d50   0x00000010   Code   RO         7801    i.__mathlib_flt_underflow  m_wm.l(funder.o)
    0x08006d60   0x08006d60   0x00000154   Code   RO         7810    i.__mathlib_rredf2  m_wm.l(rredf.o)
    0x08006eb4   0x08006eb4   0x0000000e   Code   RO         7434    i._is_digit         c_w.l(__printf_wp.o)
    0x08006ec2   0x08006ec2   0x00000002   Code   RO         6785    i._sys_exit         main.o
    0x08006ec4   0x08006ec4   0x00000074   Code   RO         5874    i.angle_to_phid     ackermann1.o
    0x08006f38   0x08006f38   0x00000134   Code   RO         5975    i.can_SendCmd       can.o
    0x0800706c   0x0800706c   0x00000030   Code   RO         6442    i.comamd_detect     send_motor.o
    0x0800709c   0x0800709c   0x000000c8   Code   RO         6606    i.commands_detect3  uart3_yuyin.o
    0x08007164   0x08007164   0x0000003e   Code   RO         6788    i.main              main.o
    0x080071a2   0x080071a2   0x0000001a   Code   RO         5223    i.osDelay           cmsis_os2.o
    0x080071bc   0x080071bc   0x00000024   Code   RO         5237    i.osKernelInitialize  cmsis_os2.o
    0x080071e0   0x080071e0   0x00000038   Code   RO         5240    i.osKernelStart     cmsis_os2.o
    0x08007218   0x08007218   0x0000008a   Code   RO         5282    i.osThreadNew       cmsis_os2.o
    0x080072a2   0x080072a2   0x00000002   PAD
    0x080072a4   0x080072a4   0x0000005c   Code   RO         4682    i.prvAddCurrentTaskToDelayedList  tasks.o
    0x08007300   0x08007300   0x000000d0   Code   RO         4683    i.prvAddNewTaskToReadyList  tasks.o
    0x080073d0   0x080073d0   0x00000058   Code   RO         5047    i.prvCheckForValidListAndQueue  timers.o
    0x08007428   0x08007428   0x00000026   Code   RO         4279    i.prvCopyDataFromQueue  queue.o
    0x0800744e   0x0800744e   0x0000006c   Code   RO         4280    i.prvCopyDataToQueue  queue.o
    0x080074ba   0x080074ba   0x00000034   Code   RO         4684    i.prvDeleteTCB      tasks.o
    0x080074ee   0x080074ee   0x00000002   PAD
    0x080074f0   0x080074f0   0x0000004c   Code   RO         5738    i.prvHeapInit       heap_4.o
    0x0800753c   0x0800753c   0x00000060   Code   RO         4685    i.prvIdleTask       tasks.o
    0x0800759c   0x0800759c   0x00000022   Code   RO         4282    i.prvInitialiseNewQueue  queue.o
    0x080075be   0x080075be   0x00000002   PAD
    0x080075c0   0x080075c0   0x000000b0   Code   RO         4686    i.prvInitialiseNewTask  tasks.o
    0x08007670   0x08007670   0x0000004c   Code   RO         5739    i.prvInsertBlockIntoFreeList  heap_4.o
    0x080076bc   0x080076bc   0x00000038   Code   RO         5049    i.prvInsertTimerInActiveList  timers.o
    0x080076f4   0x080076f4   0x0000001c   Code   RO         4283    i.prvIsQueueEmpty   queue.o
    0x08007710   0x08007710   0x000000fc   Code   RO         5050    i.prvProcessReceivedCommands  timers.o
    0x0800780c   0x0800780c   0x000000c0   Code   RO         5051    i.prvProcessTimerOrBlockTask  timers.o
    0x080078cc   0x080078cc   0x00000020   Code   RO         4688    i.prvResetNextTaskUnblockTime  tasks.o
    0x080078ec   0x080078ec   0x00000028   Code   RO         5052    i.prvSampleTimeNow  timers.o
    0x08007914   0x08007914   0x0000006c   Code   RO         5053    i.prvSwitchTimerLists  timers.o
    0x08007980   0x08007980   0x00000028   Code   RO         5794    i.prvTaskExitError  port.o
    0x080079a8   0x080079a8   0x00000024   Code   RO         5054    i.prvTimerTask      timers.o
    0x080079cc   0x080079cc   0x0000006a   Code   RO         4284    i.prvUnlockQueue    queue.o
    0x08007a36   0x08007a36   0x00000002   PAD
    0x08007a38   0x08007a38   0x000000dc   Code   RO         5740    i.pvPortMalloc      heap_4.o
    0x08007b14   0x08007b14   0x0000002c   Code   RO         5795    i.pxPortInitialiseStack  port.o
    0x08007b40   0x08007b40   0x00000054   Code   RO         6443    i.shell_print       send_motor.o
    0x08007b94   0x08007b94   0x00000018   Code   RO         6607    i.shell_print3      uart3_yuyin.o
    0x08007bac   0x08007bac   0x00000026   Code   RO         4239    i.uxListRemove      list.o
    0x08007bd2   0x08007bd2   0x00000002   PAD
    0x08007bd4   0x08007bd4   0x00000014   Code   RO         5294    i.vApplicationGetIdleTaskMemory  cmsis_os2.o
    0x08007be8   0x08007be8   0x00000018   Code   RO         5295    i.vApplicationGetTimerTaskMemory  cmsis_os2.o
    0x08007c00   0x08007c00   0x00000016   Code   RO         4240    i.vListInitialise   list.o
    0x08007c16   0x08007c16   0x00000006   Code   RO         4241    i.vListInitialiseItem  list.o
    0x08007c1c   0x08007c1c   0x00000030   Code   RO         4242    i.vListInsert       list.o
    0x08007c4c   0x08007c4c   0x00000018   Code   RO         4243    i.vListInsertEnd    list.o
    0x08007c64   0x08007c64   0x00000040   Code   RO         5797    i.vPortEnterCritical  port.o
    0x08007ca4   0x08007ca4   0x00000028   Code   RO         5798    i.vPortExitCritical  port.o
    0x08007ccc   0x08007ccc   0x00000064   Code   RO         5741    i.vPortFree         heap_4.o
    0x08007d30   0x08007d30   0x00000024   Code   RO         5799    i.vPortSetupTimerInterrupt  port.o
    0x08007d54   0x08007d54   0x00000054   Code   RO         5800    i.vPortValidateInterruptPriority  port.o
    0x08007da8   0x08007da8   0x00000028   Code   RO         4290    i.vQueueAddToRegistry  queue.o
    0x08007dd0   0x08007dd0   0x00000044   Code   RO         4294    i.vQueueWaitForMessageRestricted  queue.o
    0x08007e14   0x08007e14   0x0000004c   Code   RO         4701    i.vTaskDelay        tasks.o
    0x08007e60   0x08007e60   0x00000010   Code   RO         4706    i.vTaskInternalSetTimeOutState  tasks.o
    0x08007e70   0x08007e70   0x0000000c   Code   RO         4707    i.vTaskMissedYield  tasks.o
    0x08007e7c   0x08007e7c   0x00000030   Code   RO         4709    i.vTaskPlaceOnEventList  tasks.o
    0x08007eac   0x08007eac   0x00000038   Code   RO         4710    i.vTaskPlaceOnEventListRestricted  tasks.o
    0x08007ee4   0x08007ee4   0x00000088   Code   RO         4718    i.vTaskStartScheduler  tasks.o
    0x08007f6c   0x08007f6c   0x00000010   Code   RO         4720    i.vTaskSuspendAll   tasks.o
    0x08007f7c   0x08007f7c   0x00000064   Code   RO         4721    i.vTaskSwitchContext  tasks.o
    0x08007fe0   0x08007fe0   0x000000f4   Code   RO         5801    i.xPortStartScheduler  port.o
    0x080080d4   0x080080d4   0x0000002c   Code   RO         5802    i.xPortSysTickHandler  port.o
    0x08008100   0x08008100   0x00000066   Code   RO         4300    i.xQueueGenericCreateStatic  queue.o
    0x08008166   0x08008166   0x00000002   PAD
    0x08008168   0x08008168   0x00000088   Code   RO         4301    i.xQueueGenericReset  queue.o
    0x080081f0   0x080081f0   0x00000160   Code   RO         4302    i.xQueueGenericSend  queue.o
    0x08008350   0x08008350   0x000000be   Code   RO         4303    i.xQueueGenericSendFromISR  queue.o
    0x0800840e   0x0800840e   0x00000002   PAD
    0x08008410   0x08008410   0x00000138   Code   RO         4312    i.xQueueReceive     queue.o
    0x08008548   0x08008548   0x00000074   Code   RO         4723    i.xTaskCheckForTimeOut  tasks.o
    0x080085bc   0x080085bc   0x0000005a   Code   RO         4724    i.xTaskCreate       tasks.o
    0x08008616   0x08008616   0x00000056   Code   RO         4725    i.xTaskCreateStatic  tasks.o
    0x0800866c   0x0800866c   0x0000001c   Code   RO         4729    i.xTaskGetSchedulerState  tasks.o
    0x08008688   0x08008688   0x0000000c   Code   RO         4730    i.xTaskGetTickCount  tasks.o
    0x08008694   0x08008694   0x000000c8   Code   RO         4732    i.xTaskIncrementTick  tasks.o
    0x0800875c   0x0800875c   0x00000080   Code   RO         4735    i.xTaskPriorityDisinherit  tasks.o
    0x080087dc   0x080087dc   0x00000070   Code   RO         4737    i.xTaskRemoveFromEventList  tasks.o
    0x0800884c   0x0800884c   0x000000c4   Code   RO         4738    i.xTaskResumeAll    tasks.o
    0x08008910   0x08008910   0x00000060   Code   RO         5063    i.xTimerCreateTimerTask  timers.o
    0x08008970   0x08008970   0x00000068   Code   RO         5064    i.xTimerGenericCommand  timers.o
    0x080089d8   0x080089d8   0x0000002c   Code   RO         7898    locale$$code        c_w.l(lc_numeric_c.o)
    0x08008a04   0x08008a04   0x0000002c   Code   RO         7955    locale$$code        c_w.l(lc_ctype_c.o)
    0x08008a30   0x08008a30   0x0000000c   Code   RO         7742    x$fpl$dretinf       fz_wm.l(dretinf.o)
    0x08008a3c   0x08008a3c   0x00000056   Code   RO         7489    x$fpl$f2d           fz_wm.l(f2d.o)
    0x08008a92   0x08008a92   0x00000002   PAD
    0x08008a94   0x08008a94   0x00000052   Code   RO         7744    x$fpl$fcmp4         fz_wm.l(fcmp4.o)
    0x08008ae6   0x08008ae6   0x00000018   Code   RO         7909    x$fpl$fcmpinf       fz_wm.l(fcmpi.o)
    0x08008afe   0x08008afe   0x0000008c   Code   RO         7748    x$fpl$fnaninf       fz_wm.l(fnaninf.o)
    0x08008b8a   0x08008b8a   0x0000000a   Code   RO         7911    x$fpl$fpinit        fz_wm.l(fpinit.o)
    0x08008b94   0x08008b94   0x00000004   Code   RO         7491    x$fpl$printf1       fz_wm.l(printf1.o)
    0x08008b98   0x08008b98   0x00000004   Code   RO         7752    x$fpl$printf2       fz_wm.l(printf2.o)
    0x08008b9c   0x08008b9c   0x00000000   Code   RO         7758    x$fpl$usenofp       fz_wm.l(usenofp.o)
    0x08008b9c   0x08008b9c   0x00000010   Data   RO         1327    .constdata          stm32g4xx_hal_fdcan.o
    0x08008bac   0x08008bac   0x00000018   Data   RO         3576    .constdata          stm32g4xx_hal_uart.o
    0x08008bc4   0x08008bc4   0x00000010   Data   RO         3942    .constdata          stm32g4xx_hal_uart_ex.o
    0x08008bd4   0x08008bd4   0x00000010   Data   RO         4047    .constdata          system_stm32g4xx.o
    0x08008be4   0x08008be4   0x00000008   Data   RO         4048    .constdata          system_stm32g4xx.o
    0x08008bec   0x08008bec   0x0000000c   Data   RO         5875    .constdata          ackermann1.o
    0x08008bf8   0x08008bf8   0x000005f0   Data   RO         6422    .constdata          oled_data.o
    0x080091e8   0x080091e8   0x0000023a   Data   RO         6423    .constdata          oled_data.o
    0x08009422   0x08009422   0x00000002   PAD
    0x08009424   0x08009424   0x00000012   Data   RO         6500    .constdata          send_yuyin.o
    0x08009436   0x08009436   0x00000002   PAD
    0x08009438   0x08009438   0x000000d8   Data   RO         6921    .constdata          app_freertos.o
    0x08009510   0x08009510   0x00000028   Data   RO         7422    .constdata          c_w.l(_printf_hex_int_ll_ptr.o)
    0x08009538   0x08009538   0x00000011   Data   RO         7442    .constdata          c_w.l(__printf_flags_ss_wp.o)
    0x08009549   0x08009549   0x00000003   PAD
    0x0800954c   0x0800954c   0x00000008   Data   RO         7652    .constdata          c_w.l(_printf_wctomb.o)
    0x08009554   0x08009554   0x00000020   Data   RO         7811    .constdata          m_wm.l(rredf.o)
    0x08009574   0x08009574   0x00000026   Data   RO         7856    .constdata          c_w.l(_printf_fp_hex.o)
    0x0800959a   0x0800959a   0x00000002   PAD
    0x0800959c   0x0800959c   0x00000094   Data   RO         7867    .constdata          c_w.l(bigflt0.o)
    0x08009630   0x08009630   0x00000047   Data   RO         6922    .conststring        app_freertos.o
    0x08009677   0x08009677   0x00000001   PAD
    0x08009678   0x08009678   0x00000020   Data   RO         8007    Region$$Table       anon$$obj.o
    0x08009698   0x08009698   0x0000001c   Data   RO         7897    locale$$data        c_w.l(lc_numeric_c.o)
    0x080096b4   0x080096b4   0x00000110   Data   RO         7954    locale$$data        c_w.l(lc_ctype_c.o)


    Execution Region RW_IRAM1 (Exec base: 0x20000000, Load base: 0x080097c4, Size: 0x00003d30, Max: 0x0001c000, ABSOLUTE, COMPRESSED[0x000000a4])

    Exec Addr    Load Addr    Size         Type   Attr      Idx    E Section Name        Object

    0x20000000   COMPRESSED   0x0000000c   Data   RW         1689    .data               stm32g4xx_hal.o
    0x2000000c   COMPRESSED   0x00000004   Data   RW         4049    .data               system_stm32g4xx.o
    0x20000010   COMPRESSED   0x0000003c   Data   RW         4741    .data               tasks.o
    0x2000004c   COMPRESSED   0x00000014   Data   RW         5072    .data               timers.o
    0x20000060   COMPRESSED   0x00000004   Data   RW         5297    .data               cmsis_os2.o
    0x20000064   COMPRESSED   0x00000020   Data   RW         5747    .data               heap_4.o
    0x20000084   COMPRESSED   0x0000000c   Data   RW         5803    .data               port.o
    0x20000090   COMPRESSED   0x00000004   Data   RW         5882    .data               ackermann1.o
    0x20000094   COMPRESSED   0x00000018   Data   RW         5977    .data               can.o
    0x200000ac   COMPRESSED   0x00000014   Data   RW         6445    .data               send_motor.o
    0x200000c0   COMPRESSED   0x00000005   Data   RW         6559    .data               uart1_motor.o
    0x200000c5   COMPRESSED   0x0000000a   Data   RW         6609    .data               uart3_yuyin.o
    0x200000cf   COMPRESSED   0x0000000a   Data   RW         6610    .data               uart3_yuyin.o
    0x200000d9   COMPRESSED   0x0000000a   Data   RW         6611    .data               uart3_yuyin.o
    0x200000e3   COMPRESSED   0x0000000a   Data   RW         6612    .data               uart3_yuyin.o
    0x200000ed   COMPRESSED   0x0000000a   Data   RW         6613    .data               uart3_yuyin.o
    0x200000f7   COMPRESSED   0x0000000a   Data   RW         6614    .data               uart3_yuyin.o
    0x20000101   COMPRESSED   0x0000000a   Data   RW         6615    .data               uart3_yuyin.o
    0x2000010b   COMPRESSED   0x0000000a   Data   RW         6616    .data               uart3_yuyin.o
    0x20000115   COMPRESSED   0x0000000a   Data   RW         6617    .data               uart3_yuyin.o
    0x2000011f   COMPRESSED   0x0000000a   Data   RW         6618    .data               uart3_yuyin.o
    0x20000129   COMPRESSED   0x0000000a   Data   RW         6619    .data               uart3_yuyin.o
    0x20000133   COMPRESSED   0x0000000a   Data   RW         6620    .data               uart3_yuyin.o
    0x2000013d   COMPRESSED   0x0000000a   Data   RW         6621    .data               uart3_yuyin.o
    0x20000147   COMPRESSED   0x0000000a   Data   RW         6622    .data               uart3_yuyin.o
    0x20000151   COMPRESSED   0x0000000a   Data   RW         6623    .data               uart3_yuyin.o
    0x2000015b   COMPRESSED   0x0000000a   Data   RW         6624    .data               uart3_yuyin.o
    0x20000165   COMPRESSED   0x0000000a   Data   RW         6625    .data               uart3_yuyin.o
    0x2000016f   COMPRESSED   0x0000000a   Data   RW         6626    .data               uart3_yuyin.o
    0x20000179   COMPRESSED   0x0000000a   Data   RW         6627    .data               uart3_yuyin.o
    0x20000183   COMPRESSED   0x0000000a   Data   RW         6628    .data               uart3_yuyin.o
    0x2000018d   COMPRESSED   0x0000000a   Data   RW         6629    .data               uart3_yuyin.o
    0x20000197   COMPRESSED   0x0000000a   Data   RW         6630    .data               uart3_yuyin.o
    0x200001a1   COMPRESSED   0x0000000a   Data   RW         6631    .data               uart3_yuyin.o
    0x200001ab   COMPRESSED   0x00000001   PAD
    0x200001ac   COMPRESSED   0x0000005c   Data   RW         6632    .data               uart3_yuyin.o
    0x20000208   COMPRESSED   0x0000000c   Data   RW         6633    .data               uart3_yuyin.o
    0x20000214   COMPRESSED   0x00000018   Data   RW         6923    .data               app_freertos.o
    0x2000022c        -       0x00000040   Zero   RW         4316    .bss                queue.o
    0x2000026c        -       0x000004c4   Zero   RW         4740    .bss                tasks.o
    0x20000730        -       0x00000118   Zero   RW         5071    .bss                timers.o
    0x20000848        -       0x000006b8   Zero   RW         5296    .bss                cmsis_os2.o
    0x20000f00        -       0x00002000   Zero   RW         5746    .bss                heap_4.o
    0x20002f00        -       0x00000028   Zero   RW         5976    .bss                can.o
    0x20002f28        -       0x00000400   Zero   RW         6212    .bss                oled.o
    0x20003328        -       0x0000000c   Zero   RW         6444    .bss                send_motor.o
    0x20003334        -       0x00000019   Zero   RW         6558    .bss                uart1_motor.o
    0x2000334d        -       0x00000014   Zero   RW         6608    .bss                uart3_yuyin.o
    0x20003361   COMPRESSED   0x00000003   PAD
    0x20003364        -       0x00000064   Zero   RW         6987    .bss                fdcan.o
    0x200033c8        -       0x00000064   Zero   RW         7029    .bss                spi.o
    0x2000342c        -       0x00000098   Zero   RW         7073    .bss                tim.o
    0x200034c4        -       0x000001bc   Zero   RW         7127    .bss                usart.o
    0x20003680        -       0x0000004c   Zero   RW         7292    .bss                stm32g4xx_hal_timebase_tim.o
    0x200036cc        -       0x00000060   Zero   RW         7816    .bss                c_w.l(libspace.o)
    0x2000372c   COMPRESSED   0x00000004   PAD
    0x20003730        -       0x00000200   Zero   RW            2    HEAP                startup_stm32g491xx.o
    0x20003930        -       0x00000400   Zero   RW            1    STACK               startup_stm32g491xx.o


==============================================================================

Image component sizes


      Code (inc. data)   RO Data    RW Data    ZI Data      Debug   Object Name

       520         74         12          4          0       5513   ackermann1.o
       600        172        287         24          0       5403   app_freertos.o
       484         36          0         24         40       7722   can.o
       326         22          0          4       1720      66103   cmsis_os2.o
         0          0          0          0          0       7192   croutine.o
       106          0          0          0          0       1409   emm_v5.o
         0          0          0          0          0      19728   event_groups.o
       224         20          0          0        100       1979   fdcan.o
       200         12          0          0          0       1087   gpio.o
       472         24          0         32       8192       5171   heap_4.o
       138          0          0          0          0       3850   list.o
       292         30          0          0          0       4041   main.o
      1094         46          0          0       1024      13185   oled.o
         0          0       2090          0          0       1222   oled_data.o
       786         82          0         12          0      12085   port.o
      1514         20          0          0         64      18164   queue.o
       318         56          0         20         12       3773   send_motor.o
       332         26         18          0          0       3384   send_yuyin.o
       184         22          0          0        100       1893   spi.o
        64         26        472          0       1536        888   startup_stm32g491xx.o
        58         10          0         12          0       3246   stm32g4xx_hal.o
       158         14          0          0          0      33302   stm32g4xx_hal_cortex.o
       226          0          0          0          0       2083   stm32g4xx_hal_dma.o
      1816         34         16          0          0      20544   stm32g4xx_hal_fdcan.o
       594         34          0          0          0       2488   stm32g4xx_hal_gpio.o
        60          6          0          0          0        970   stm32g4xx_hal_msp.o
       204         18          0          0          0       1505   stm32g4xx_hal_pwr_ex.o
      1748         98          0          0          0       7265   stm32g4xx_hal_rcc.o
       744          8          0          0          0       2048   stm32g4xx_hal_rcc_ex.o
       234          0          0          0          0       1343   stm32g4xx_hal_spi.o
      3120        320          0          0          0     722229   stm32g4xx_hal_tim.o
       186         28          0          0          0       5876   stm32g4xx_hal_tim_ex.o
       136         20          0          0         76       1571   stm32g4xx_hal_timebase_tim.o
      3944        148         24          0          0      37321   stm32g4xx_hal_uart.o
       288          6         16          0          0       5762   stm32g4xx_hal_uart_ex.o
        72         30          0          0          0       5675   stm32g4xx_it.o
         0          0          0          0          0        416   stream_buffer.o
        16          4         24          4          0       1271   system_stm32g4xx.o
      2084        168          0         60       1220      28196   tasks.o
       396         32          0          0        152       3389   tim.o
       972         80          0         20        280      32991   timers.o
       252         52          0          5         25       2965   uart1_motor.o
       316         38          0        334         20       4066   uart3_yuyin.o
       732         52          0          0        444       3664   usart.o

    ----------------------------------------------------------------------
     26064       1868       2996        556      15008    1113978   Object Totals
         0          0         32          0          0          0   (incl. Generated)
        54          0          5          1          3          0   (incl. Padding)

    ----------------------------------------------------------------------

      Code (inc. data)   RO Data    RW Data    ZI Data      Debug   Library Member Name

        90          0          0          0          0          0   __dczerorl2.o
         8          0          0          0          0         68   __main.o
       392          4         17          0          0         92   __printf_flags_ss_wp.o
        14          0          0          0          0         68   __printf_wp.o
         0          0          0          0          0          0   __rtentry.o
        12          0          0          0          0          0   __rtentry2.o
         6          0          0          0          0          0   __rtentry4.o
        52          8          0          0          0          0   __scatter.o
        28          0          0          0          0          0   __scatter_zi.o
         6          0          0          0          0          0   _printf_a.o
         6          0          0          0          0          0   _printf_c.o
        44          0          0          0          0        108   _printf_char.o
        48          6          0          0          0         96   _printf_char_common.o
        40          0          0          0          0         68   _printf_charcount.o
         6          0          0          0          0          0   _printf_d.o
       120         16          0          0          0         92   _printf_dec.o
         6          0          0          0          0          0   _printf_e.o
         6          0          0          0          0          0   _printf_f.o
      1054          0          0          0          0        216   _printf_fp_dec.o
       764          8         38          0          0        100   _printf_fp_hex.o
       128         16          0          0          0         84   _printf_fp_infnan.o
         6          0          0          0          0          0   _printf_g.o
       148          4         40          0          0        160   _printf_hex_int_ll_ptr.o
         6          0          0          0          0          0   _printf_i.o
       178          0          0          0          0         88   _printf_intcommon.o
        10          0          0          0          0          0   _printf_l.o
         6          0          0          0          0          0   _printf_lc.o
        10          0          0          0          0          0   _printf_ll.o
         6          0          0          0          0          0   _printf_lld.o
         6          0          0          0          0          0   _printf_lli.o
         6          0          0          0          0          0   _printf_llo.o
         6          0          0          0          0          0   _printf_llu.o
         6          0          0          0          0          0   _printf_llx.o
       124         16          0          0          0         92   _printf_longlong_dec.o
         6          0          0          0          0          0   _printf_ls.o
         6          0          0          0          0          0   _printf_n.o
         6          0          0          0          0          0   _printf_o.o
       112         10          0          0          0        124   _printf_oct_int_ll.o
         6          0          0          0          0          0   _printf_p.o
        78          0          0          0          0        108   _printf_pad.o
         0          0          0          0          0          0   _printf_percent.o
         4          0          0          0          0          0   _printf_percent_end.o
         6          0          0          0          0          0   _printf_s.o
        82          0          0          0          0         80   _printf_str.o
        36          0          0          0          0         84   _printf_truncate.o
         6          0          0          0          0          0   _printf_u.o
        44          0          0          0          0        108   _printf_wchar.o
       188          6          8          0          0         92   _printf_wctomb.o
         6          0          0          0          0          0   _printf_x.o
        22          0          0          0          0        100   _rserrno.o
        10          0          0          0          0         68   _sputc.o
        64          0          0          0          0         92   _wcrtomb.o
        16          0          0          0          0         68   aeabi_memset.o
       228          4        148          0          0         96   bigflt0.o
      1936        128          0          0          0        672   btod.o
        18          0          0          0          0         80   exit.o
         6          0          0          0          0        152   heapauxi.o
        44         10        272          0          0         76   lc_ctype_c.o
        44         10         28          0          0         76   lc_numeric_c.o
         2          0          0          0          0          0   libinit.o
        34          0          0          0          0          0   libinit2.o
         2          0          0          0          0          0   libshutdown.o
         2          0          0          0          0          0   libshutdown2.o
         8          4          0          0         96         68   libspace.o
       138          0          0          0          0         80   lludiv10.o
       238          0          0          0          0        100   lludivv7m.o
        16          4          0          0          0         76   rt_ctype_table.o
         8          4          0          0          0         68   rt_errno_addr_intlibspace.o
         8          4          0          0          0         68   rt_locale_intlibspace.o
        68          0          0          0          0         68   rt_memclr.o
        78          0          0          0          0         80   rt_memclr_w.o
       138          0          0          0          0         68   rt_memcpy_v6.o
       100          0          0          0          0         80   rt_memcpy_w.o
         2          0          0          0          0          0   rtexit.o
        10          0          0          0          0          0   rtexit2.o
       128          0          0          0          0         68   strcmpv7m.o
        62          0          0          0          0         76   strlen.o
        74          0          0          0          0         80   sys_stackheap_outer.o
         2          0          0          0          0         68   use_no_semi.o
         2          0          0          0          0         68   use_no_semi_2.o
        36          4          0          0          0         76   vsprintf.o
        12          0          0          0          0        116   dretinf.o
        86          4          0          0          0        132   f2d.o
        82          4          0          0          0        160   fcmp4.o
        24          0          0          0          0        116   fcmpi.o
       140          4          0          0          0        132   fnaninf.o
        10          0          0          0          0        116   fpinit.o
         4          0          0          0          0        116   printf1.o
         4          0          0          0          0        116   printf2.o
         0          0          0          0          0          0   usenofp.o
       352         56          0          0          0        172   atanf.o
        72          0          0          0          0        148   fmaxf.o
        72          0          0          0          0        148   fminf.o
        48          0          0          0          0        124   fpclassify.o
        38          0          0          0          0        116   fpclassifyf.o
        38         12          0          0          0        348   funder.o
       340         24         32          0          0        160   rredf.o
       380         58          0          0          0        200   tanf.o

    ----------------------------------------------------------------------
      9204        428        588          0        100       7020   Library Totals
        24          0          5          0          4          0   (incl. Padding)

    ----------------------------------------------------------------------

      Code (inc. data)   RO Data    RW Data    ZI Data      Debug   Library Name

      7478        266        551          0         96       4600   c_w.l
       362         12          0          0          0       1004   fz_wm.l
      1340        150         32          0          0       1416   m_wm.l

    ----------------------------------------------------------------------
      9204        428        588          0        100       7020   Library Totals

    ----------------------------------------------------------------------

==============================================================================


      Code (inc. data)   RO Data    RW Data    ZI Data      Debug   

     35268       2296       3584        556      15108    1092850   Grand Totals
     35268       2296       3584        164      15108    1092850   ELF Image Totals (compressed)
     35268       2296       3584        164          0          0   ROM Totals

==============================================================================

    Total RO  Size (Code + RO Data)                38852 (  37.94kB)
    Total RW  Size (RW Data + ZI Data)             15664 (  15.30kB)
    Total ROM Size (Code + RO Data + RW Data)      39016 (  38.10kB)

==============================================================================

